09:11:22 **** Incremental Build of configuration Debug for project 05_eth_gpio_init ****
make -j3 all 
arm-none-eabi-gcc "../LWIP/Target/ethernetif.c" -mcpu=cortex-m7 -std=gnu11 -g3 -DUSE_HAL_DRIVER -DSTM32F767xx -c -I"C:/Users/Israel/Documents/Embedded_Ethernet_with_HAL/05_eth_gpio_init/Middlewares/Third_Party/LwIP/src/apps" -I"C:/Users/Israel/Documents/Embedded_Ethernet_with_HAL/05_eth_gpio_init/Middlewares/Third_Party/LwIP/src/include/lwip/apps" -I"C:/Users/Israel/Documents/Embedded_Ethernet_with_HAL/05_eth_gpio_init/Middlewares/Third_Party/LwIP/src/include/lwip" -I"C:/Users/Israel/Documents/Embedded_Ethernet_with_HAL/05_eth_gpio_init/Middlewares/Third_Party/LwIP/system/arch" -I"C:/Users/Israel/Documents/Embedded_Ethernet_with_HAL/05_eth_gpio_init/Middlewares/Third_Party/LwIP/src/include/netif" -I"C:/Users/Israel/Documents/Embedded_Ethernet_with_HAL/05_eth_gpio_init/Middlewares/Third_Party/LwIP/src/include/lwip/prot" -I"C:/Users/Israel/Documents/Embedded_Ethernet_with_HAL/05_eth_gpio_init/Middlewares/Third_Party/LwIP/src/include/lwip/priv" -I"C:/Users/Israel/Documents/Embedded_Ethernet_with_HAL/05_eth_gpio_init/Middlewares/Third_Party/LwIP/src/apps/http" -I"C:/Users/Israel/Documents/Embedded_Ethernet_with_HAL/05_eth_gpio_init/Core/Inc" -I"C:/Users/Israel/Documents/Embedded_Ethernet_with_HAL/05_eth_gpio_init/Drivers/CMSIS/Include" -I"C:/Users/Israel/Documents/Embedded_Ethernet_with_HAL/05_eth_gpio_init/Drivers/CMSIS/Device/ST/STM32F7xx/Include" -I"C:/Users/Israel/Documents/Embedded_Ethernet_with_HAL/05_eth_gpio_init/Drivers/STM32F7xx_HAL_Driver/Inc" -I"C:/Users/Israel/Documents/Embedded_Ethernet_with_HAL/05_eth_gpio_init/Drivers/STM32F7xx_HAL_Driver/Inc/Legacy" -I"C:/Users/Israel/Documents/Embedded_Ethernet_with_HAL/05_eth_gpio_init/LWIP/App" -I"C:/Users/Israel/Documents/Embedded_Ethernet_with_HAL/05_eth_gpio_init/LWIP/Target" -I"C:/Users/Israel/Documents/Embedded_Ethernet_with_HAL/05_eth_gpio_init/Middlewares/Third_Party/LwIP/src/include" -I"C:/Users/Israel/Documents/Embedded_Ethernet_with_HAL/05_eth_gpio_init/Middlewares/Third_Party/LwIP/system" -O0 -ffunction-sections -fdata-sections -Wall -fstack-usage -MMD -MP -MF"LWIP/Target/ethernetif.d" -MT"LWIP/Target/ethernetif.o" --specs=nano.specs -mfpu=fpv5-d16 -mfloat-abi=hard -mthumb -o "LWIP/Target/ethernetif.o"
arm-none-eabi-gcc -o "05_eth_gpio_init.elf" @"objects.list"   -mcpu=cortex-m7 -T"C:\Users\Israel\Documents\Embedded_Ethernet_with_HAL\05_eth_gpio_init\STM32F767ZITX_FLASH.ld" --specs=nosys.specs -Wl,-Map="05_eth_gpio_init.map" -Wl,--gc-sections -static --specs=nano.specs -mfpu=fpv5-d16 -mfloat-abi=hard -mthumb -Wl,--start-group -lc -lm -Wl,--end-group
Finished building target: 05_eth_gpio_init.elf
 
arm-none-eabi-objdump -h -S  05_eth_gpio_init.elf  > "05_eth_gpio_init.list"
arm-none-eabi-objcopy  -O binary  05_eth_gpio_init.elf  "05_eth_gpio_init.bin"
arm-none-eabi-size   05_eth_gpio_init.elf 
   text	   data	    bss	    dec	    hex	filename
  15648	    120	   1888	  17656	   44f8	05_eth_gpio_init.elf
Finished building: default.size.stdout
 
Finished building: 05_eth_gpio_init.bin
 
Finished building: 05_eth_gpio_init.list
 

09:11:24 Build Finished. 0 errors, 0 warnings. (took 2s.898ms)

