22:20:30 **** Incremental Build of configuration Debug for project 10_eth_init_function ****
make -j3 all 
arm-none-eabi-gcc "../Drivers/STM32F7xx_HAL_Driver/Src/stm32f7xx_hal_adc_ex.c" -mcpu=cortex-m7 -std=gnu11 -g3 -DUSE_HAL_DRIVER -DSTM32F767xx -c -I"C:/Users/Israel/Documents/Embedded_Ethernet_with_HAL/10_eth_init_function/Middlewares/Third_Party/LwIP/src/apps" -I"C:/Users/Israel/Documents/Embedded_Ethernet_with_HAL/10_eth_init_function/Middlewares/Third_Party/LwIP/src/include/lwip/apps" -I"C:/Users/Israel/Documents/Embedded_Ethernet_with_HAL/10_eth_init_function/Middlewares/Third_Party/LwIP/src/include/lwip" -I"C:/Users/Israel/Documents/Embedded_Ethernet_with_HAL/10_eth_init_function/Middlewares/Third_Party/LwIP/system/arch" -I"C:/Users/Israel/Documents/Embedded_Ethernet_with_HAL/10_eth_init_function/Middlewares/Third_Party/LwIP/src/include/netif" -I"C:/Users/Israel/Documents/Embedded_Ethernet_with_HAL/10_eth_init_function/Middlewares/Third_Party/LwIP/src/include/lwip/prot" -I"C:/Users/Israel/Documents/Embedded_Ethernet_with_HAL/10_eth_init_function/Middlewares/Third_Party/LwIP/src/include/lwip/priv" -I"C:/Users/Israel/Documents/Embedded_Ethernet_with_HAL/10_eth_init_function/Middlewares/Third_Party/LwIP/src/apps/http" -I"C:/Users/Israel/Documents/Embedded_Ethernet_with_HAL/10_eth_init_function/Core/Inc" -I"C:/Users/Israel/Documents/Embedded_Ethernet_with_HAL/10_eth_init_function/Drivers/CMSIS/Include" -I"C:/Users/Israel/Documents/Embedded_Ethernet_with_HAL/10_eth_init_function/Drivers/CMSIS/Device/ST/STM32F7xx/Include" -I"C:/Users/Israel/Documents/Embedded_Ethernet_with_HAL/10_eth_init_function/Drivers/STM32F7xx_HAL_Driver/Inc" -I"C:/Users/Israel/Documents/Embedded_Ethernet_with_HAL/10_eth_init_function/Drivers/STM32F7xx_HAL_Driver/Inc/Legacy" -I"C:/Users/Israel/Documents/Embedded_Ethernet_with_HAL/10_eth_init_function/LWIP/App" -I"C:/Users/Israel/Documents/Embedded_Ethernet_with_HAL/10_eth_init_function/LWIP/Target" -I"C:/Users/Israel/Documents/Embedded_Ethernet_with_HAL/10_eth_init_function/Middlewares/Third_Party/LwIP/src/include" -I"C:/Users/Israel/Documents/Embedded_Ethernet_with_HAL/10_eth_init_function/Middlewares/Third_Party/LwIP/system" -O0 -ffunction-sections -fdata-sections -Wall -fstack-usage -MMD -MP -MF"Drivers/STM32F7xx_HAL_Driver/Src/stm32f7xx_hal_adc_ex.d" -MT"Drivers/STM32F7xx_HAL_Driver/Src/stm32f7xx_hal_adc_ex.o" --specs=nano.specs -mfpu=fpv5-d16 -mfloat-abi=hard -mthumb -o "Drivers/STM32F7xx_HAL_Driver/Src/stm32f7xx_hal_adc_ex.o"
arm-none-eabi-gcc "../Drivers/STM32F7xx_HAL_Driver/Src/stm32f7xx_hal_cortex.c" -mcpu=cortex-m7 -std=gnu11 -g3 -DUSE_HAL_DRIVER -DSTM32F767xx -c -I"C:/Users/Israel/Documents/Embedded_Ethernet_with_HAL/10_eth_init_function/Middlewares/Third_Party/LwIP/src/apps" -I"C:/Users/Israel/Documents/Embedded_Ethernet_with_HAL/10_eth_init_function/Middlewares/Third_Party/LwIP/src/include/lwip/apps" -I"C:/Users/Israel/Documents/Embedded_Ethernet_with_HAL/10_eth_init_function/Middlewares/Third_Party/LwIP/src/include/lwip" -I"C:/Users/Israel/Documents/Embedded_Ethernet_with_HAL/10_eth_init_function/Middlewares/Third_Party/LwIP/system/arch" -I"C:/Users/Israel/Documents/Embedded_Ethernet_with_HAL/10_eth_init_function/Middlewares/Third_Party/LwIP/src/include/netif" -I"C:/Users/Israel/Documents/Embedded_Ethernet_with_HAL/10_eth_init_function/Middlewares/Third_Party/LwIP/src/include/lwip/prot" -I"C:/Users/Israel/Documents/Embedded_Ethernet_with_HAL/10_eth_init_function/Middlewares/Third_Party/LwIP/src/include/lwip/priv" -I"C:/Users/Israel/Documents/Embedded_Ethernet_with_HAL/10_eth_init_function/Middlewares/Third_Party/LwIP/src/apps/http" -I"C:/Users/Israel/Documents/Embedded_Ethernet_with_HAL/10_eth_init_function/Core/Inc" -I"C:/Users/Israel/Documents/Embedded_Ethernet_with_HAL/10_eth_init_function/Drivers/CMSIS/Include" -I"C:/Users/Israel/Documents/Embedded_Ethernet_with_HAL/10_eth_init_function/Drivers/CMSIS/Device/ST/STM32F7xx/Include" -I"C:/Users/Israel/Documents/Embedded_Ethernet_with_HAL/10_eth_init_function/Drivers/STM32F7xx_HAL_Driver/Inc" -I"C:/Users/Israel/Documents/Embedded_Ethernet_with_HAL/10_eth_init_function/Drivers/STM32F7xx_HAL_Driver/Inc/Legacy" -I"C:/Users/Israel/Documents/Embedded_Ethernet_with_HAL/10_eth_init_function/LWIP/App" -I"C:/Users/Israel/Documents/Embedded_Ethernet_with_HAL/10_eth_init_function/LWIP/Target" -I"C:/Users/Israel/Documents/Embedded_Ethernet_with_HAL/10_eth_init_function/Middlewares/Third_Party/LwIP/src/include" -I"C:/Users/Israel/Documents/Embedded_Ethernet_with_HAL/10_eth_init_function/Middlewares/Third_Party/LwIP/system" -O0 -ffunction-sections -fdata-sections -Wall -fstack-usage -MMD -MP -MF"Drivers/STM32F7xx_HAL_Driver/Src/stm32f7xx_hal_cortex.d" -MT"Drivers/STM32F7xx_HAL_Driver/Src/stm32f7xx_hal_cortex.o" --specs=nano.specs -mfpu=fpv5-d16 -mfloat-abi=hard -mthumb -o "Drivers/STM32F7xx_HAL_Driver/Src/stm32f7xx_hal_cortex.o"
arm-none-eabi-gcc "../Drivers/STM32F7xx_HAL_Driver/Src/stm32f7xx_hal_dma.c" -mcpu=cortex-m7 -std=gnu11 -g3 -DUSE_HAL_DRIVER -DSTM32F767xx -c -I"C:/Users/Israel/Documents/Embedded_Ethernet_with_HAL/10_eth_init_function/Middlewares/Third_Party/LwIP/src/apps" -I"C:/Users/Israel/Documents/Embedded_Ethernet_with_HAL/10_eth_init_function/Middlewares/Third_Party/LwIP/src/include/lwip/apps" -I"C:/Users/Israel/Documents/Embedded_Ethernet_with_HAL/10_eth_init_function/Middlewares/Third_Party/LwIP/src/include/lwip" -I"C:/Users/Israel/Documents/Embedded_Ethernet_with_HAL/10_eth_init_function/Middlewares/Third_Party/LwIP/system/arch" -I"C:/Users/Israel/Documents/Embedded_Ethernet_with_HAL/10_eth_init_function/Middlewares/Third_Party/LwIP/src/include/netif" -I"C:/Users/Israel/Documents/Embedded_Ethernet_with_HAL/10_eth_init_function/Middlewares/Third_Party/LwIP/src/include/lwip/prot" -I"C:/Users/Israel/Documents/Embedded_Ethernet_with_HAL/10_eth_init_function/Middlewares/Third_Party/LwIP/src/include/lwip/priv" -I"C:/Users/Israel/Documents/Embedded_Ethernet_with_HAL/10_eth_init_function/Middlewares/Third_Party/LwIP/src/apps/http" -I"C:/Users/Israel/Documents/Embedded_Ethernet_with_HAL/10_eth_init_function/Core/Inc" -I"C:/Users/Israel/Documents/Embedded_Ethernet_with_HAL/10_eth_init_function/Drivers/CMSIS/Include" -I"C:/Users/Israel/Documents/Embedded_Ethernet_with_HAL/10_eth_init_function/Drivers/CMSIS/Device/ST/STM32F7xx/Include" -I"C:/Users/Israel/Documents/Embedded_Ethernet_with_HAL/10_eth_init_function/Drivers/STM32F7xx_HAL_Driver/Inc" -I"C:/Users/Israel/Documents/Embedded_Ethernet_with_HAL/10_eth_init_function/Drivers/STM32F7xx_HAL_Driver/Inc/Legacy" -I"C:/Users/Israel/Documents/Embedded_Ethernet_with_HAL/10_eth_init_function/LWIP/App" -I"C:/Users/Israel/Documents/Embedded_Ethernet_with_HAL/10_eth_init_function/LWIP/Target" -I"C:/Users/Israel/Documents/Embedded_Ethernet_with_HAL/10_eth_init_function/Middlewares/Third_Party/LwIP/src/include" -I"C:/Users/Israel/Documents/Embedded_Ethernet_with_HAL/10_eth_init_function/Middlewares/Third_Party/LwIP/system" -O0 -ffunction-sections -fdata-sections -Wall -fstack-usage -MMD -MP -MF"Drivers/STM32F7xx_HAL_Driver/Src/stm32f7xx_hal_dma.d" -MT"Drivers/STM32F7xx_HAL_Driver/Src/stm32f7xx_hal_dma.o" --specs=nano.specs -mfpu=fpv5-d16 -mfloat-abi=hard -mthumb -o "Drivers/STM32F7xx_HAL_Driver/Src/stm32f7xx_hal_dma.o"
arm-none-eabi-gcc "../Drivers/STM32F7xx_HAL_Driver/Src/stm32f7xx_hal_dma_ex.c" -mcpu=cortex-m7 -std=gnu11 -g3 -DUSE_HAL_DRIVER -DSTM32F767xx -c -I"C:/Users/Israel/Documents/Embedded_Ethernet_with_HAL/10_eth_init_function/Middlewares/Third_Party/LwIP/src/apps" -I"C:/Users/Israel/Documents/Embedded_Ethernet_with_HAL/10_eth_init_function/Middlewares/Third_Party/LwIP/src/include/lwip/apps" -I"C:/Users/Israel/Documents/Embedded_Ethernet_with_HAL/10_eth_init_function/Middlewares/Third_Party/LwIP/src/include/lwip" -I"C:/Users/Israel/Documents/Embedded_Ethernet_with_HAL/10_eth_init_function/Middlewares/Third_Party/LwIP/system/arch" -I"C:/Users/Israel/Documents/Embedded_Ethernet_with_HAL/10_eth_init_function/Middlewares/Third_Party/LwIP/src/include/netif" -I"C:/Users/Israel/Documents/Embedded_Ethernet_with_HAL/10_eth_init_function/Middlewares/Third_Party/LwIP/src/include/lwip/prot" -I"C:/Users/Israel/Documents/Embedded_Ethernet_with_HAL/10_eth_init_function/Middlewares/Third_Party/LwIP/src/include/lwip/priv" -I"C:/Users/Israel/Documents/Embedded_Ethernet_with_HAL/10_eth_init_function/Middlewares/Third_Party/LwIP/src/apps/http" -I"C:/Users/Israel/Documents/Embedded_Ethernet_with_HAL/10_eth_init_function/Core/Inc" -I"C:/Users/Israel/Documents/Embedded_Ethernet_with_HAL/10_eth_init_function/Drivers/CMSIS/Include" -I"C:/Users/Israel/Documents/Embedded_Ethernet_with_HAL/10_eth_init_function/Drivers/CMSIS/Device/ST/STM32F7xx/Include" -I"C:/Users/Israel/Documents/Embedded_Ethernet_with_HAL/10_eth_init_function/Drivers/STM32F7xx_HAL_Driver/Inc" -I"C:/Users/Israel/Documents/Embedded_Ethernet_with_HAL/10_eth_init_function/Drivers/STM32F7xx_HAL_Driver/Inc/Legacy" -I"C:/Users/Israel/Documents/Embedded_Ethernet_with_HAL/10_eth_init_function/LWIP/App" -I"C:/Users/Israel/Documents/Embedded_Ethernet_with_HAL/10_eth_init_function/LWIP/Target" -I"C:/Users/Israel/Documents/Embedded_Ethernet_with_HAL/10_eth_init_function/Middlewares/Third_Party/LwIP/src/include" -I"C:/Users/Israel/Documents/Embedded_Ethernet_with_HAL/10_eth_init_function/Middlewares/Third_Party/LwIP/system" -O0 -ffunction-sections -fdata-sections -Wall -fstack-usage -MMD -MP -MF"Drivers/STM32F7xx_HAL_Driver/Src/stm32f7xx_hal_dma_ex.d" -MT"Drivers/STM32F7xx_HAL_Driver/Src/stm32f7xx_hal_dma_ex.o" --specs=nano.specs -mfpu=fpv5-d16 -mfloat-abi=hard -mthumb -o "Drivers/STM32F7xx_HAL_Driver/Src/stm32f7xx_hal_dma_ex.o"
arm-none-eabi-gcc "../Drivers/STM32F7xx_HAL_Driver/Src/stm32f7xx_hal_eth.c" -mcpu=cortex-m7 -std=gnu11 -g3 -DUSE_HAL_DRIVER -DSTM32F767xx -c -I"C:/Users/Israel/Documents/Embedded_Ethernet_with_HAL/10_eth_init_function/Middlewares/Third_Party/LwIP/src/apps" -I"C:/Users/Israel/Documents/Embedded_Ethernet_with_HAL/10_eth_init_function/Middlewares/Third_Party/LwIP/src/include/lwip/apps" -I"C:/Users/Israel/Documents/Embedded_Ethernet_with_HAL/10_eth_init_function/Middlewares/Third_Party/LwIP/src/include/lwip" -I"C:/Users/Israel/Documents/Embedded_Ethernet_with_HAL/10_eth_init_function/Middlewares/Third_Party/LwIP/system/arch" -I"C:/Users/Israel/Documents/Embedded_Ethernet_with_HAL/10_eth_init_function/Middlewares/Third_Party/LwIP/src/include/netif" -I"C:/Users/Israel/Documents/Embedded_Ethernet_with_HAL/10_eth_init_function/Middlewares/Third_Party/LwIP/src/include/lwip/prot" -I"C:/Users/Israel/Documents/Embedded_Ethernet_with_HAL/10_eth_init_function/Middlewares/Third_Party/LwIP/src/include/lwip/priv" -I"C:/Users/Israel/Documents/Embedded_Ethernet_with_HAL/10_eth_init_function/Middlewares/Third_Party/LwIP/src/apps/http" -I"C:/Users/Israel/Documents/Embedded_Ethernet_with_HAL/10_eth_init_function/Core/Inc" -I"C:/Users/Israel/Documents/Embedded_Ethernet_with_HAL/10_eth_init_function/Drivers/CMSIS/Include" -I"C:/Users/Israel/Documents/Embedded_Ethernet_with_HAL/10_eth_init_function/Drivers/CMSIS/Device/ST/STM32F7xx/Include" -I"C:/Users/Israel/Documents/Embedded_Ethernet_with_HAL/10_eth_init_function/Drivers/STM32F7xx_HAL_Driver/Inc" -I"C:/Users/Israel/Documents/Embedded_Ethernet_with_HAL/10_eth_init_function/Drivers/STM32F7xx_HAL_Driver/Inc/Legacy" -I"C:/Users/Israel/Documents/Embedded_Ethernet_with_HAL/10_eth_init_function/LWIP/App" -I"C:/Users/Israel/Documents/Embedded_Ethernet_with_HAL/10_eth_init_function/LWIP/Target" -I"C:/Users/Israel/Documents/Embedded_Ethernet_with_HAL/10_eth_init_function/Middlewares/Third_Party/LwIP/src/include" -I"C:/Users/Israel/Documents/Embedded_Ethernet_with_HAL/10_eth_init_function/Middlewares/Third_Party/LwIP/system" -O0 -ffunction-sections -fdata-sections -Wall -fstack-usage -MMD -MP -MF"Drivers/STM32F7xx_HAL_Driver/Src/stm32f7xx_hal_eth.d" -MT"Drivers/STM32F7xx_HAL_Driver/Src/stm32f7xx_hal_eth.o" --specs=nano.specs -mfpu=fpv5-d16 -mfloat-abi=hard -mthumb -o "Drivers/STM32F7xx_HAL_Driver/Src/stm32f7xx_hal_eth.o"
arm-none-eabi-gcc "../Drivers/STM32F7xx_HAL_Driver/Src/stm32f7xx_hal_exti.c" -mcpu=cortex-m7 -std=gnu11 -g3 -DUSE_HAL_DRIVER -DSTM32F767xx -c -I"C:/Users/Israel/Documents/Embedded_Ethernet_with_HAL/10_eth_init_function/Middlewares/Third_Party/LwIP/src/apps" -I"C:/Users/Israel/Documents/Embedded_Ethernet_with_HAL/10_eth_init_function/Middlewares/Third_Party/LwIP/src/include/lwip/apps" -I"C:/Users/Israel/Documents/Embedded_Ethernet_with_HAL/10_eth_init_function/Middlewares/Third_Party/LwIP/src/include/lwip" -I"C:/Users/Israel/Documents/Embedded_Ethernet_with_HAL/10_eth_init_function/Middlewares/Third_Party/LwIP/system/arch" -I"C:/Users/Israel/Documents/Embedded_Ethernet_with_HAL/10_eth_init_function/Middlewares/Third_Party/LwIP/src/include/netif" -I"C:/Users/Israel/Documents/Embedded_Ethernet_with_HAL/10_eth_init_function/Middlewares/Third_Party/LwIP/src/include/lwip/prot" -I"C:/Users/Israel/Documents/Embedded_Ethernet_with_HAL/10_eth_init_function/Middlewares/Third_Party/LwIP/src/include/lwip/priv" -I"C:/Users/Israel/Documents/Embedded_Ethernet_with_HAL/10_eth_init_function/Middlewares/Third_Party/LwIP/src/apps/http" -I"C:/Users/Israel/Documents/Embedded_Ethernet_with_HAL/10_eth_init_function/Core/Inc" -I"C:/Users/Israel/Documents/Embedded_Ethernet_with_HAL/10_eth_init_function/Drivers/CMSIS/Include" -I"C:/Users/Israel/Documents/Embedded_Ethernet_with_HAL/10_eth_init_function/Drivers/CMSIS/Device/ST/STM32F7xx/Include" -I"C:/Users/Israel/Documents/Embedded_Ethernet_with_HAL/10_eth_init_function/Drivers/STM32F7xx_HAL_Driver/Inc" -I"C:/Users/Israel/Documents/Embedded_Ethernet_with_HAL/10_eth_init_function/Drivers/STM32F7xx_HAL_Driver/Inc/Legacy" -I"C:/Users/Israel/Documents/Embedded_Ethernet_with_HAL/10_eth_init_function/LWIP/App" -I"C:/Users/Israel/Documents/Embedded_Ethernet_with_HAL/10_eth_init_function/LWIP/Target" -I"C:/Users/Israel/Documents/Embedded_Ethernet_with_HAL/10_eth_init_function/Middlewares/Third_Party/LwIP/src/include" -I"C:/Users/Israel/Documents/Embedded_Ethernet_with_HAL/10_eth_init_function/Middlewares/Third_Party/LwIP/system" -O0 -ffunction-sections -fdata-sections -Wall -fstack-usage -MMD -MP -MF"Drivers/STM32F7xx_HAL_Driver/Src/stm32f7xx_hal_exti.d" -MT"Drivers/STM32F7xx_HAL_Driver/Src/stm32f7xx_hal_exti.o" --specs=nano.specs -mfpu=fpv5-d16 -mfloat-abi=hard -mthumb -o "Drivers/STM32F7xx_HAL_Driver/Src/stm32f7xx_hal_exti.o"
arm-none-eabi-gcc "../Drivers/STM32F7xx_HAL_Driver/Src/stm32f7xx_hal_flash.c" -mcpu=cortex-m7 -std=gnu11 -g3 -DUSE_HAL_DRIVER -DSTM32F767xx -c -I"C:/Users/Israel/Documents/Embedded_Ethernet_with_HAL/10_eth_init_function/Middlewares/Third_Party/LwIP/src/apps" -I"C:/Users/Israel/Documents/Embedded_Ethernet_with_HAL/10_eth_init_function/Middlewares/Third_Party/LwIP/src/include/lwip/apps" -I"C:/Users/Israel/Documents/Embedded_Ethernet_with_HAL/10_eth_init_function/Middlewares/Third_Party/LwIP/src/include/lwip" -I"C:/Users/Israel/Documents/Embedded_Ethernet_with_HAL/10_eth_init_function/Middlewares/Third_Party/LwIP/system/arch" -I"C:/Users/Israel/Documents/Embedded_Ethernet_with_HAL/10_eth_init_function/Middlewares/Third_Party/LwIP/src/include/netif" -I"C:/Users/Israel/Documents/Embedded_Ethernet_with_HAL/10_eth_init_function/Middlewares/Third_Party/LwIP/src/include/lwip/prot" -I"C:/Users/Israel/Documents/Embedded_Ethernet_with_HAL/10_eth_init_function/Middlewares/Third_Party/LwIP/src/include/lwip/priv" -I"C:/Users/Israel/Documents/Embedded_Ethernet_with_HAL/10_eth_init_function/Middlewares/Third_Party/LwIP/src/apps/http" -I"C:/Users/Israel/Documents/Embedded_Ethernet_with_HAL/10_eth_init_function/Core/Inc" -I"C:/Users/Israel/Documents/Embedded_Ethernet_with_HAL/10_eth_init_function/Drivers/CMSIS/Include" -I"C:/Users/Israel/Documents/Embedded_Ethernet_with_HAL/10_eth_init_function/Drivers/CMSIS/Device/ST/STM32F7xx/Include" -I"C:/Users/Israel/Documents/Embedded_Ethernet_with_HAL/10_eth_init_function/Drivers/STM32F7xx_HAL_Driver/Inc" -I"C:/Users/Israel/Documents/Embedded_Ethernet_with_HAL/10_eth_init_function/Drivers/STM32F7xx_HAL_Driver/Inc/Legacy" -I"C:/Users/Israel/Documents/Embedded_Ethernet_with_HAL/10_eth_init_function/LWIP/App" -I"C:/Users/Israel/Documents/Embedded_Ethernet_with_HAL/10_eth_init_function/LWIP/Target" -I"C:/Users/Israel/Documents/Embedded_Ethernet_with_HAL/10_eth_init_function/Middlewares/Third_Party/LwIP/src/include" -I"C:/Users/Israel/Documents/Embedded_Ethernet_with_HAL/10_eth_init_function/Middlewares/Third_Party/LwIP/system" -O0 -ffunction-sections -fdata-sections -Wall -fstack-usage -MMD -MP -MF"Drivers/STM32F7xx_HAL_Driver/Src/stm32f7xx_hal_flash.d" -MT"Drivers/STM32F7xx_HAL_Driver/Src/stm32f7xx_hal_flash.o" --specs=nano.specs -mfpu=fpv5-d16 -mfloat-abi=hard -mthumb -o "Drivers/STM32F7xx_HAL_Driver/Src/stm32f7xx_hal_flash.o"
arm-none-eabi-gcc "../Drivers/STM32F7xx_HAL_Driver/Src/stm32f7xx_hal_flash_ex.c" -mcpu=cortex-m7 -std=gnu11 -g3 -DUSE_HAL_DRIVER -DSTM32F767xx -c -I"C:/Users/Israel/Documents/Embedded_Ethernet_with_HAL/10_eth_init_function/Middlewares/Third_Party/LwIP/src/apps" -I"C:/Users/Israel/Documents/Embedded_Ethernet_with_HAL/10_eth_init_function/Middlewares/Third_Party/LwIP/src/include/lwip/apps" -I"C:/Users/Israel/Documents/Embedded_Ethernet_with_HAL/10_eth_init_function/Middlewares/Third_Party/LwIP/src/include/lwip" -I"C:/Users/Israel/Documents/Embedded_Ethernet_with_HAL/10_eth_init_function/Middlewares/Third_Party/LwIP/system/arch" -I"C:/Users/Israel/Documents/Embedded_Ethernet_with_HAL/10_eth_init_function/Middlewares/Third_Party/LwIP/src/include/netif" -I"C:/Users/Israel/Documents/Embedded_Ethernet_with_HAL/10_eth_init_function/Middlewares/Third_Party/LwIP/src/include/lwip/prot" -I"C:/Users/Israel/Documents/Embedded_Ethernet_with_HAL/10_eth_init_function/Middlewares/Third_Party/LwIP/src/include/lwip/priv" -I"C:/Users/Israel/Documents/Embedded_Ethernet_with_HAL/10_eth_init_function/Middlewares/Third_Party/LwIP/src/apps/http" -I"C:/Users/Israel/Documents/Embedded_Ethernet_with_HAL/10_eth_init_function/Core/Inc" -I"C:/Users/Israel/Documents/Embedded_Ethernet_with_HAL/10_eth_init_function/Drivers/CMSIS/Include" -I"C:/Users/Israel/Documents/Embedded_Ethernet_with_HAL/10_eth_init_function/Drivers/CMSIS/Device/ST/STM32F7xx/Include" -I"C:/Users/Israel/Documents/Embedded_Ethernet_with_HAL/10_eth_init_function/Drivers/STM32F7xx_HAL_Driver/Inc" -I"C:/Users/Israel/Documents/Embedded_Ethernet_with_HAL/10_eth_init_function/Drivers/STM32F7xx_HAL_Driver/Inc/Legacy" -I"C:/Users/Israel/Documents/Embedded_Ethernet_with_HAL/10_eth_init_function/LWIP/App" -I"C:/Users/Israel/Documents/Embedded_Ethernet_with_HAL/10_eth_init_function/LWIP/Target" -I"C:/Users/Israel/Documents/Embedded_Ethernet_with_HAL/10_eth_init_function/Middlewares/Third_Party/LwIP/src/include" -I"C:/Users/Israel/Documents/Embedded_Ethernet_with_HAL/10_eth_init_function/Middlewares/Third_Party/LwIP/system" -O0 -ffunction-sections -fdata-sections -Wall -fstack-usage -MMD -MP -MF"Drivers/STM32F7xx_HAL_Driver/Src/stm32f7xx_hal_flash_ex.d" -MT"Drivers/STM32F7xx_HAL_Driver/Src/stm32f7xx_hal_flash_ex.o" --specs=nano.specs -mfpu=fpv5-d16 -mfloat-abi=hard -mthumb -o "Drivers/STM32F7xx_HAL_Driver/Src/stm32f7xx_hal_flash_ex.o"
arm-none-eabi-gcc "../Drivers/STM32F7xx_HAL_Driver/Src/stm32f7xx_hal_gpio.c" -mcpu=cortex-m7 -std=gnu11 -g3 -DUSE_HAL_DRIVER -DSTM32F767xx -c -I"C:/Users/Israel/Documents/Embedded_Ethernet_with_HAL/10_eth_init_function/Middlewares/Third_Party/LwIP/src/apps" -I"C:/Users/Israel/Documents/Embedded_Ethernet_with_HAL/10_eth_init_function/Middlewares/Third_Party/LwIP/src/include/lwip/apps" -I"C:/Users/Israel/Documents/Embedded_Ethernet_with_HAL/10_eth_init_function/Middlewares/Third_Party/LwIP/src/include/lwip" -I"C:/Users/Israel/Documents/Embedded_Ethernet_with_HAL/10_eth_init_function/Middlewares/Third_Party/LwIP/system/arch" -I"C:/Users/Israel/Documents/Embedded_Ethernet_with_HAL/10_eth_init_function/Middlewares/Third_Party/LwIP/src/include/netif" -I"C:/Users/Israel/Documents/Embedded_Ethernet_with_HAL/10_eth_init_function/Middlewares/Third_Party/LwIP/src/include/lwip/prot" -I"C:/Users/Israel/Documents/Embedded_Ethernet_with_HAL/10_eth_init_function/Middlewares/Third_Party/LwIP/src/include/lwip/priv" -I"C:/Users/Israel/Documents/Embedded_Ethernet_with_HAL/10_eth_init_function/Middlewares/Third_Party/LwIP/src/apps/http" -I"C:/Users/Israel/Documents/Embedded_Ethernet_with_HAL/10_eth_init_function/Core/Inc" -I"C:/Users/Israel/Documents/Embedded_Ethernet_with_HAL/10_eth_init_function/Drivers/CMSIS/Include" -I"C:/Users/Israel/Documents/Embedded_Ethernet_with_HAL/10_eth_init_function/Drivers/CMSIS/Device/ST/STM32F7xx/Include" -I"C:/Users/Israel/Documents/Embedded_Ethernet_with_HAL/10_eth_init_function/Drivers/STM32F7xx_HAL_Driver/Inc" -I"C:/Users/Israel/Documents/Embedded_Ethernet_with_HAL/10_eth_init_function/Drivers/STM32F7xx_HAL_Driver/Inc/Legacy" -I"C:/Users/Israel/Documents/Embedded_Ethernet_with_HAL/10_eth_init_function/LWIP/App" -I"C:/Users/Israel/Documents/Embedded_Ethernet_with_HAL/10_eth_init_function/LWIP/Target" -I"C:/Users/Israel/Documents/Embedded_Ethernet_with_HAL/10_eth_init_function/Middlewares/Third_Party/LwIP/src/include" -I"C:/Users/Israel/Documents/Embedded_Ethernet_with_HAL/10_eth_init_function/Middlewares/Third_Party/LwIP/system" -O0 -ffunction-sections -fdata-sections -Wall -fstack-usage -MMD -MP -MF"Drivers/STM32F7xx_HAL_Driver/Src/stm32f7xx_hal_gpio.d" -MT"Drivers/STM32F7xx_HAL_Driver/Src/stm32f7xx_hal_gpio.o" --specs=nano.specs -mfpu=fpv5-d16 -mfloat-abi=hard -mthumb -o "Drivers/STM32F7xx_HAL_Driver/Src/stm32f7xx_hal_gpio.o"
arm-none-eabi-gcc "../Drivers/STM32F7xx_HAL_Driver/Src/stm32f7xx_hal_i2c.c" -mcpu=cortex-m7 -std=gnu11 -g3 -DUSE_HAL_DRIVER -DSTM32F767xx -c -I"C:/Users/Israel/Documents/Embedded_Ethernet_with_HAL/10_eth_init_function/Middlewares/Third_Party/LwIP/src/apps" -I"C:/Users/Israel/Documents/Embedded_Ethernet_with_HAL/10_eth_init_function/Middlewares/Third_Party/LwIP/src/include/lwip/apps" -I"C:/Users/Israel/Documents/Embedded_Ethernet_with_HAL/10_eth_init_function/Middlewares/Third_Party/LwIP/src/include/lwip" -I"C:/Users/Israel/Documents/Embedded_Ethernet_with_HAL/10_eth_init_function/Middlewares/Third_Party/LwIP/system/arch" -I"C:/Users/Israel/Documents/Embedded_Ethernet_with_HAL/10_eth_init_function/Middlewares/Third_Party/LwIP/src/include/netif" -I"C:/Users/Israel/Documents/Embedded_Ethernet_with_HAL/10_eth_init_function/Middlewares/Third_Party/LwIP/src/include/lwip/prot" -I"C:/Users/Israel/Documents/Embedded_Ethernet_with_HAL/10_eth_init_function/Middlewares/Third_Party/LwIP/src/include/lwip/priv" -I"C:/Users/Israel/Documents/Embedded_Ethernet_with_HAL/10_eth_init_function/Middlewares/Third_Party/LwIP/src/apps/http" -I"C:/Users/Israel/Documents/Embedded_Ethernet_with_HAL/10_eth_init_function/Core/Inc" -I"C:/Users/Israel/Documents/Embedded_Ethernet_with_HAL/10_eth_init_function/Drivers/CMSIS/Include" -I"C:/Users/Israel/Documents/Embedded_Ethernet_with_HAL/10_eth_init_function/Drivers/CMSIS/Device/ST/STM32F7xx/Include" -I"C:/Users/Israel/Documents/Embedded_Ethernet_with_HAL/10_eth_init_function/Drivers/STM32F7xx_HAL_Driver/Inc" -I"C:/Users/Israel/Documents/Embedded_Ethernet_with_HAL/10_eth_init_function/Drivers/STM32F7xx_HAL_Driver/Inc/Legacy" -I"C:/Users/Israel/Documents/Embedded_Ethernet_with_HAL/10_eth_init_function/LWIP/App" -I"C:/Users/Israel/Documents/Embedded_Ethernet_with_HAL/10_eth_init_function/LWIP/Target" -I"C:/Users/Israel/Documents/Embedded_Ethernet_with_HAL/10_eth_init_function/Middlewares/Third_Party/LwIP/src/include" -I"C:/Users/Israel/Documents/Embedded_Ethernet_with_HAL/10_eth_init_function/Middlewares/Third_Party/LwIP/system" -O0 -ffunction-sections -fdata-sections -Wall -fstack-usage -MMD -MP -MF"Drivers/STM32F7xx_HAL_Driver/Src/stm32f7xx_hal_i2c.d" -MT"Drivers/STM32F7xx_HAL_Driver/Src/stm32f7xx_hal_i2c.o" --specs=nano.specs -mfpu=fpv5-d16 -mfloat-abi=hard -mthumb -o "Drivers/STM32F7xx_HAL_Driver/Src/stm32f7xx_hal_i2c.o"
arm-none-eabi-gcc "../Drivers/STM32F7xx_HAL_Driver/Src/stm32f7xx_hal_i2c_ex.c" -mcpu=cortex-m7 -std=gnu11 -g3 -DUSE_HAL_DRIVER -DSTM32F767xx -c -I"C:/Users/Israel/Documents/Embedded_Ethernet_with_HAL/10_eth_init_function/Middlewares/Third_Party/LwIP/src/apps" -I"C:/Users/Israel/Documents/Embedded_Ethernet_with_HAL/10_eth_init_function/Middlewares/Third_Party/LwIP/src/include/lwip/apps" -I"C:/Users/Israel/Documents/Embedded_Ethernet_with_HAL/10_eth_init_function/Middlewares/Third_Party/LwIP/src/include/lwip" -I"C:/Users/Israel/Documents/Embedded_Ethernet_with_HAL/10_eth_init_function/Middlewares/Third_Party/LwIP/system/arch" -I"C:/Users/Israel/Documents/Embedded_Ethernet_with_HAL/10_eth_init_function/Middlewares/Third_Party/LwIP/src/include/netif" -I"C:/Users/Israel/Documents/Embedded_Ethernet_with_HAL/10_eth_init_function/Middlewares/Third_Party/LwIP/src/include/lwip/prot" -I"C:/Users/Israel/Documents/Embedded_Ethernet_with_HAL/10_eth_init_function/Middlewares/Third_Party/LwIP/src/include/lwip/priv" -I"C:/Users/Israel/Documents/Embedded_Ethernet_with_HAL/10_eth_init_function/Middlewares/Third_Party/LwIP/src/apps/http" -I"C:/Users/Israel/Documents/Embedded_Ethernet_with_HAL/10_eth_init_function/Core/Inc" -I"C:/Users/Israel/Documents/Embedded_Ethernet_with_HAL/10_eth_init_function/Drivers/CMSIS/Include" -I"C:/Users/Israel/Documents/Embedded_Ethernet_with_HAL/10_eth_init_function/Drivers/CMSIS/Device/ST/STM32F7xx/Include" -I"C:/Users/Israel/Documents/Embedded_Ethernet_with_HAL/10_eth_init_function/Drivers/STM32F7xx_HAL_Driver/Inc" -I"C:/Users/Israel/Documents/Embedded_Ethernet_with_HAL/10_eth_init_function/Drivers/STM32F7xx_HAL_Driver/Inc/Legacy" -I"C:/Users/Israel/Documents/Embedded_Ethernet_with_HAL/10_eth_init_function/LWIP/App" -I"C:/Users/Israel/Documents/Embedded_Ethernet_with_HAL/10_eth_init_function/LWIP/Target" -I"C:/Users/Israel/Documents/Embedded_Ethernet_with_HAL/10_eth_init_function/Middlewares/Third_Party/LwIP/src/include" -I"C:/Users/Israel/Documents/Embedded_Ethernet_with_HAL/10_eth_init_function/Middlewares/Third_Party/LwIP/system" -O0 -ffunction-sections -fdata-sections -Wall -fstack-usage -MMD -MP -MF"Drivers/STM32F7xx_HAL_Driver/Src/stm32f7xx_hal_i2c_ex.d" -MT"Drivers/STM32F7xx_HAL_Driver/Src/stm32f7xx_hal_i2c_ex.o" --specs=nano.specs -mfpu=fpv5-d16 -mfloat-abi=hard -mthumb -o "Drivers/STM32F7xx_HAL_Driver/Src/stm32f7xx_hal_i2c_ex.o"
arm-none-eabi-gcc "../Drivers/STM32F7xx_HAL_Driver/Src/stm32f7xx_hal_pwr.c" -mcpu=cortex-m7 -std=gnu11 -g3 -DUSE_HAL_DRIVER -DSTM32F767xx -c -I"C:/Users/Israel/Documents/Embedded_Ethernet_with_HAL/10_eth_init_function/Middlewares/Third_Party/LwIP/src/apps" -I"C:/Users/Israel/Documents/Embedded_Ethernet_with_HAL/10_eth_init_function/Middlewares/Third_Party/LwIP/src/include/lwip/apps" -I"C:/Users/Israel/Documents/Embedded_Ethernet_with_HAL/10_eth_init_function/Middlewares/Third_Party/LwIP/src/include/lwip" -I"C:/Users/Israel/Documents/Embedded_Ethernet_with_HAL/10_eth_init_function/Middlewares/Third_Party/LwIP/system/arch" -I"C:/Users/Israel/Documents/Embedded_Ethernet_with_HAL/10_eth_init_function/Middlewares/Third_Party/LwIP/src/include/netif" -I"C:/Users/Israel/Documents/Embedded_Ethernet_with_HAL/10_eth_init_function/Middlewares/Third_Party/LwIP/src/include/lwip/prot" -I"C:/Users/Israel/Documents/Embedded_Ethernet_with_HAL/10_eth_init_function/Middlewares/Third_Party/LwIP/src/include/lwip/priv" -I"C:/Users/Israel/Documents/Embedded_Ethernet_with_HAL/10_eth_init_function/Middlewares/Third_Party/LwIP/src/apps/http" -I"C:/Users/Israel/Documents/Embedded_Ethernet_with_HAL/10_eth_init_function/Core/Inc" -I"C:/Users/Israel/Documents/Embedded_Ethernet_with_HAL/10_eth_init_function/Drivers/CMSIS/Include" -I"C:/Users/Israel/Documents/Embedded_Ethernet_with_HAL/10_eth_init_function/Drivers/CMSIS/Device/ST/STM32F7xx/Include" -I"C:/Users/Israel/Documents/Embedded_Ethernet_with_HAL/10_eth_init_function/Drivers/STM32F7xx_HAL_Driver/Inc" -I"C:/Users/Israel/Documents/Embedded_Ethernet_with_HAL/10_eth_init_function/Drivers/STM32F7xx_HAL_Driver/Inc/Legacy" -I"C:/Users/Israel/Documents/Embedded_Ethernet_with_HAL/10_eth_init_function/LWIP/App" -I"C:/Users/Israel/Documents/Embedded_Ethernet_with_HAL/10_eth_init_function/LWIP/Target" -I"C:/Users/Israel/Documents/Embedded_Ethernet_with_HAL/10_eth_init_function/Middlewares/Third_Party/LwIP/src/include" -I"C:/Users/Israel/Documents/Embedded_Ethernet_with_HAL/10_eth_init_function/Middlewares/Third_Party/LwIP/system" -O0 -ffunction-sections -fdata-sections -Wall -fstack-usage -MMD -MP -MF"Drivers/STM32F7xx_HAL_Driver/Src/stm32f7xx_hal_pwr.d" -MT"Drivers/STM32F7xx_HAL_Driver/Src/stm32f7xx_hal_pwr.o" --specs=nano.specs -mfpu=fpv5-d16 -mfloat-abi=hard -mthumb -o "Drivers/STM32F7xx_HAL_Driver/Src/stm32f7xx_hal_pwr.o"
arm-none-eabi-gcc "../Drivers/STM32F7xx_HAL_Driver/Src/stm32f7xx_hal_pwr_ex.c" -mcpu=cortex-m7 -std=gnu11 -g3 -DUSE_HAL_DRIVER -DSTM32F767xx -c -I"C:/Users/Israel/Documents/Embedded_Ethernet_with_HAL/10_eth_init_function/Middlewares/Third_Party/LwIP/src/apps" -I"C:/Users/Israel/Documents/Embedded_Ethernet_with_HAL/10_eth_init_function/Middlewares/Third_Party/LwIP/src/include/lwip/apps" -I"C:/Users/Israel/Documents/Embedded_Ethernet_with_HAL/10_eth_init_function/Middlewares/Third_Party/LwIP/src/include/lwip" -I"C:/Users/Israel/Documents/Embedded_Ethernet_with_HAL/10_eth_init_function/Middlewares/Third_Party/LwIP/system/arch" -I"C:/Users/Israel/Documents/Embedded_Ethernet_with_HAL/10_eth_init_function/Middlewares/Third_Party/LwIP/src/include/netif" -I"C:/Users/Israel/Documents/Embedded_Ethernet_with_HAL/10_eth_init_function/Middlewares/Third_Party/LwIP/src/include/lwip/prot" -I"C:/Users/Israel/Documents/Embedded_Ethernet_with_HAL/10_eth_init_function/Middlewares/Third_Party/LwIP/src/include/lwip/priv" -I"C:/Users/Israel/Documents/Embedded_Ethernet_with_HAL/10_eth_init_function/Middlewares/Third_Party/LwIP/src/apps/http" -I"C:/Users/Israel/Documents/Embedded_Ethernet_with_HAL/10_eth_init_function/Core/Inc" -I"C:/Users/Israel/Documents/Embedded_Ethernet_with_HAL/10_eth_init_function/Drivers/CMSIS/Include" -I"C:/Users/Israel/Documents/Embedded_Ethernet_with_HAL/10_eth_init_function/Drivers/CMSIS/Device/ST/STM32F7xx/Include" -I"C:/Users/Israel/Documents/Embedded_Ethernet_with_HAL/10_eth_init_function/Drivers/STM32F7xx_HAL_Driver/Inc" -I"C:/Users/Israel/Documents/Embedded_Ethernet_with_HAL/10_eth_init_function/Drivers/STM32F7xx_HAL_Driver/Inc/Legacy" -I"C:/Users/Israel/Documents/Embedded_Ethernet_with_HAL/10_eth_init_function/LWIP/App" -I"C:/Users/Israel/Documents/Embedded_Ethernet_with_HAL/10_eth_init_function/LWIP/Target" -I"C:/Users/Israel/Documents/Embedded_Ethernet_with_HAL/10_eth_init_function/Middlewares/Third_Party/LwIP/src/include" -I"C:/Users/Israel/Documents/Embedded_Ethernet_with_HAL/10_eth_init_function/Middlewares/Third_Party/LwIP/system" -O0 -ffunction-sections -fdata-sections -Wall -fstack-usage -MMD -MP -MF"Drivers/STM32F7xx_HAL_Driver/Src/stm32f7xx_hal_pwr_ex.d" -MT"Drivers/STM32F7xx_HAL_Driver/Src/stm32f7xx_hal_pwr_ex.o" --specs=nano.specs -mfpu=fpv5-d16 -mfloat-abi=hard -mthumb -o "Drivers/STM32F7xx_HAL_Driver/Src/stm32f7xx_hal_pwr_ex.o"
arm-none-eabi-gcc "../Drivers/STM32F7xx_HAL_Driver/Src/stm32f7xx_hal_rcc.c" -mcpu=cortex-m7 -std=gnu11 -g3 -DUSE_HAL_DRIVER -DSTM32F767xx -c -I"C:/Users/Israel/Documents/Embedded_Ethernet_with_HAL/10_eth_init_function/Middlewares/Third_Party/LwIP/src/apps" -I"C:/Users/Israel/Documents/Embedded_Ethernet_with_HAL/10_eth_init_function/Middlewares/Third_Party/LwIP/src/include/lwip/apps" -I"C:/Users/Israel/Documents/Embedded_Ethernet_with_HAL/10_eth_init_function/Middlewares/Third_Party/LwIP/src/include/lwip" -I"C:/Users/Israel/Documents/Embedded_Ethernet_with_HAL/10_eth_init_function/Middlewares/Third_Party/LwIP/system/arch" -I"C:/Users/Israel/Documents/Embedded_Ethernet_with_HAL/10_eth_init_function/Middlewares/Third_Party/LwIP/src/include/netif" -I"C:/Users/Israel/Documents/Embedded_Ethernet_with_HAL/10_eth_init_function/Middlewares/Third_Party/LwIP/src/include/lwip/prot" -I"C:/Users/Israel/Documents/Embedded_Ethernet_with_HAL/10_eth_init_function/Middlewares/Third_Party/LwIP/src/include/lwip/priv" -I"C:/Users/Israel/Documents/Embedded_Ethernet_with_HAL/10_eth_init_function/Middlewares/Third_Party/LwIP/src/apps/http" -I"C:/Users/Israel/Documents/Embedded_Ethernet_with_HAL/10_eth_init_function/Core/Inc" -I"C:/Users/Israel/Documents/Embedded_Ethernet_with_HAL/10_eth_init_function/Drivers/CMSIS/Include" -I"C:/Users/Israel/Documents/Embedded_Ethernet_with_HAL/10_eth_init_function/Drivers/CMSIS/Device/ST/STM32F7xx/Include" -I"C:/Users/Israel/Documents/Embedded_Ethernet_with_HAL/10_eth_init_function/Drivers/STM32F7xx_HAL_Driver/Inc" -I"C:/Users/Israel/Documents/Embedded_Ethernet_with_HAL/10_eth_init_function/Drivers/STM32F7xx_HAL_Driver/Inc/Legacy" -I"C:/Users/Israel/Documents/Embedded_Ethernet_with_HAL/10_eth_init_function/LWIP/App" -I"C:/Users/Israel/Documents/Embedded_Ethernet_with_HAL/10_eth_init_function/LWIP/Target" -I"C:/Users/Israel/Documents/Embedded_Ethernet_with_HAL/10_eth_init_function/Middlewares/Third_Party/LwIP/src/include" -I"C:/Users/Israel/Documents/Embedded_Ethernet_with_HAL/10_eth_init_function/Middlewares/Third_Party/LwIP/system" -O0 -ffunction-sections -fdata-sections -Wall -fstack-usage -MMD -MP -MF"Drivers/STM32F7xx_HAL_Driver/Src/stm32f7xx_hal_rcc.d" -MT"Drivers/STM32F7xx_HAL_Driver/Src/stm32f7xx_hal_rcc.o" --specs=nano.specs -mfpu=fpv5-d16 -mfloat-abi=hard -mthumb -o "Drivers/STM32F7xx_HAL_Driver/Src/stm32f7xx_hal_rcc.o"
arm-none-eabi-gcc "../Drivers/STM32F7xx_HAL_Driver/Src/stm32f7xx_hal_rcc_ex.c" -mcpu=cortex-m7 -std=gnu11 -g3 -DUSE_HAL_DRIVER -DSTM32F767xx -c -I"C:/Users/Israel/Documents/Embedded_Ethernet_with_HAL/10_eth_init_function/Middlewares/Third_Party/LwIP/src/apps" -I"C:/Users/Israel/Documents/Embedded_Ethernet_with_HAL/10_eth_init_function/Middlewares/Third_Party/LwIP/src/include/lwip/apps" -I"C:/Users/Israel/Documents/Embedded_Ethernet_with_HAL/10_eth_init_function/Middlewares/Third_Party/LwIP/src/include/lwip" -I"C:/Users/Israel/Documents/Embedded_Ethernet_with_HAL/10_eth_init_function/Middlewares/Third_Party/LwIP/system/arch" -I"C:/Users/Israel/Documents/Embedded_Ethernet_with_HAL/10_eth_init_function/Middlewares/Third_Party/LwIP/src/include/netif" -I"C:/Users/Israel/Documents/Embedded_Ethernet_with_HAL/10_eth_init_function/Middlewares/Third_Party/LwIP/src/include/lwip/prot" -I"C:/Users/Israel/Documents/Embedded_Ethernet_with_HAL/10_eth_init_function/Middlewares/Third_Party/LwIP/src/include/lwip/priv" -I"C:/Users/Israel/Documents/Embedded_Ethernet_with_HAL/10_eth_init_function/Middlewares/Third_Party/LwIP/src/apps/http" -I"C:/Users/Israel/Documents/Embedded_Ethernet_with_HAL/10_eth_init_function/Core/Inc" -I"C:/Users/Israel/Documents/Embedded_Ethernet_with_HAL/10_eth_init_function/Drivers/CMSIS/Include" -I"C:/Users/Israel/Documents/Embedded_Ethernet_with_HAL/10_eth_init_function/Drivers/CMSIS/Device/ST/STM32F7xx/Include" -I"C:/Users/Israel/Documents/Embedded_Ethernet_with_HAL/10_eth_init_function/Drivers/STM32F7xx_HAL_Driver/Inc" -I"C:/Users/Israel/Documents/Embedded_Ethernet_with_HAL/10_eth_init_function/Drivers/STM32F7xx_HAL_Driver/Inc/Legacy" -I"C:/Users/Israel/Documents/Embedded_Ethernet_with_HAL/10_eth_init_function/LWIP/App" -I"C:/Users/Israel/Documents/Embedded_Ethernet_with_HAL/10_eth_init_function/LWIP/Target" -I"C:/Users/Israel/Documents/Embedded_Ethernet_with_HAL/10_eth_init_function/Middlewares/Third_Party/LwIP/src/include" -I"C:/Users/Israel/Documents/Embedded_Ethernet_with_HAL/10_eth_init_function/Middlewares/Third_Party/LwIP/system" -O0 -ffunction-sections -fdata-sections -Wall -fstack-usage -MMD -MP -MF"Drivers/STM32F7xx_HAL_Driver/Src/stm32f7xx_hal_rcc_ex.d" -MT"Drivers/STM32F7xx_HAL_Driver/Src/stm32f7xx_hal_rcc_ex.o" --specs=nano.specs -mfpu=fpv5-d16 -mfloat-abi=hard -mthumb -o "Drivers/STM32F7xx_HAL_Driver/Src/stm32f7xx_hal_rcc_ex.o"
arm-none-eabi-gcc "../Drivers/STM32F7xx_HAL_Driver/Src/stm32f7xx_hal_tim.c" -mcpu=cortex-m7 -std=gnu11 -g3 -DUSE_HAL_DRIVER -DSTM32F767xx -c -I"C:/Users/Israel/Documents/Embedded_Ethernet_with_HAL/10_eth_init_function/Middlewares/Third_Party/LwIP/src/apps" -I"C:/Users/Israel/Documents/Embedded_Ethernet_with_HAL/10_eth_init_function/Middlewares/Third_Party/LwIP/src/include/lwip/apps" -I"C:/Users/Israel/Documents/Embedded_Ethernet_with_HAL/10_eth_init_function/Middlewares/Third_Party/LwIP/src/include/lwip" -I"C:/Users/Israel/Documents/Embedded_Ethernet_with_HAL/10_eth_init_function/Middlewares/Third_Party/LwIP/system/arch" -I"C:/Users/Israel/Documents/Embedded_Ethernet_with_HAL/10_eth_init_function/Middlewares/Third_Party/LwIP/src/include/netif" -I"C:/Users/Israel/Documents/Embedded_Ethernet_with_HAL/10_eth_init_function/Middlewares/Third_Party/LwIP/src/include/lwip/prot" -I"C:/Users/Israel/Documents/Embedded_Ethernet_with_HAL/10_eth_init_function/Middlewares/Third_Party/LwIP/src/include/lwip/priv" -I"C:/Users/Israel/Documents/Embedded_Ethernet_with_HAL/10_eth_init_function/Middlewares/Third_Party/LwIP/src/apps/http" -I"C:/Users/Israel/Documents/Embedded_Ethernet_with_HAL/10_eth_init_function/Core/Inc" -I"C:/Users/Israel/Documents/Embedded_Ethernet_with_HAL/10_eth_init_function/Drivers/CMSIS/Include" -I"C:/Users/Israel/Documents/Embedded_Ethernet_with_HAL/10_eth_init_function/Drivers/CMSIS/Device/ST/STM32F7xx/Include" -I"C:/Users/Israel/Documents/Embedded_Ethernet_with_HAL/10_eth_init_function/Drivers/STM32F7xx_HAL_Driver/Inc" -I"C:/Users/Israel/Documents/Embedded_Ethernet_with_HAL/10_eth_init_function/Drivers/STM32F7xx_HAL_Driver/Inc/Legacy" -I"C:/Users/Israel/Documents/Embedded_Ethernet_with_HAL/10_eth_init_function/LWIP/App" -I"C:/Users/Israel/Documents/Embedded_Ethernet_with_HAL/10_eth_init_function/LWIP/Target" -I"C:/Users/Israel/Documents/Embedded_Ethernet_with_HAL/10_eth_init_function/Middlewares/Third_Party/LwIP/src/include" -I"C:/Users/Israel/Documents/Embedded_Ethernet_with_HAL/10_eth_init_function/Middlewares/Third_Party/LwIP/system" -O0 -ffunction-sections -fdata-sections -Wall -fstack-usage -MMD -MP -MF"Drivers/STM32F7xx_HAL_Driver/Src/stm32f7xx_hal_tim.d" -MT"Drivers/STM32F7xx_HAL_Driver/Src/stm32f7xx_hal_tim.o" --specs=nano.specs -mfpu=fpv5-d16 -mfloat-abi=hard -mthumb -o "Drivers/STM32F7xx_HAL_Driver/Src/stm32f7xx_hal_tim.o"
arm-none-eabi-gcc "../Drivers/STM32F7xx_HAL_Driver/Src/stm32f7xx_hal_tim_ex.c" -mcpu=cortex-m7 -std=gnu11 -g3 -DUSE_HAL_DRIVER -DSTM32F767xx -c -I"C:/Users/Israel/Documents/Embedded_Ethernet_with_HAL/10_eth_init_function/Middlewares/Third_Party/LwIP/src/apps" -I"C:/Users/Israel/Documents/Embedded_Ethernet_with_HAL/10_eth_init_function/Middlewares/Third_Party/LwIP/src/include/lwip/apps" -I"C:/Users/Israel/Documents/Embedded_Ethernet_with_HAL/10_eth_init_function/Middlewares/Third_Party/LwIP/src/include/lwip" -I"C:/Users/Israel/Documents/Embedded_Ethernet_with_HAL/10_eth_init_function/Middlewares/Third_Party/LwIP/system/arch" -I"C:/Users/Israel/Documents/Embedded_Ethernet_with_HAL/10_eth_init_function/Middlewares/Third_Party/LwIP/src/include/netif" -I"C:/Users/Israel/Documents/Embedded_Ethernet_with_HAL/10_eth_init_function/Middlewares/Third_Party/LwIP/src/include/lwip/prot" -I"C:/Users/Israel/Documents/Embedded_Ethernet_with_HAL/10_eth_init_function/Middlewares/Third_Party/LwIP/src/include/lwip/priv" -I"C:/Users/Israel/Documents/Embedded_Ethernet_with_HAL/10_eth_init_function/Middlewares/Third_Party/LwIP/src/apps/http" -I"C:/Users/Israel/Documents/Embedded_Ethernet_with_HAL/10_eth_init_function/Core/Inc" -I"C:/Users/Israel/Documents/Embedded_Ethernet_with_HAL/10_eth_init_function/Drivers/CMSIS/Include" -I"C:/Users/Israel/Documents/Embedded_Ethernet_with_HAL/10_eth_init_function/Drivers/CMSIS/Device/ST/STM32F7xx/Include" -I"C:/Users/Israel/Documents/Embedded_Ethernet_with_HAL/10_eth_init_function/Drivers/STM32F7xx_HAL_Driver/Inc" -I"C:/Users/Israel/Documents/Embedded_Ethernet_with_HAL/10_eth_init_function/Drivers/STM32F7xx_HAL_Driver/Inc/Legacy" -I"C:/Users/Israel/Documents/Embedded_Ethernet_with_HAL/10_eth_init_function/LWIP/App" -I"C:/Users/Israel/Documents/Embedded_Ethernet_with_HAL/10_eth_init_function/LWIP/Target" -I"C:/Users/Israel/Documents/Embedded_Ethernet_with_HAL/10_eth_init_function/Middlewares/Third_Party/LwIP/src/include" -I"C:/Users/Israel/Documents/Embedded_Ethernet_with_HAL/10_eth_init_function/Middlewares/Third_Party/LwIP/system" -O0 -ffunction-sections -fdata-sections -Wall -fstack-usage -MMD -MP -MF"Drivers/STM32F7xx_HAL_Driver/Src/stm32f7xx_hal_tim_ex.d" -MT"Drivers/STM32F7xx_HAL_Driver/Src/stm32f7xx_hal_tim_ex.o" --specs=nano.specs -mfpu=fpv5-d16 -mfloat-abi=hard -mthumb -o "Drivers/STM32F7xx_HAL_Driver/Src/stm32f7xx_hal_tim_ex.o"
arm-none-eabi-gcc "../Drivers/STM32F7xx_HAL_Driver/Src/stm32f7xx_hal_uart.c" -mcpu=cortex-m7 -std=gnu11 -g3 -DUSE_HAL_DRIVER -DSTM32F767xx -c -I"C:/Users/Israel/Documents/Embedded_Ethernet_with_HAL/10_eth_init_function/Middlewares/Third_Party/LwIP/src/apps" -I"C:/Users/Israel/Documents/Embedded_Ethernet_with_HAL/10_eth_init_function/Middlewares/Third_Party/LwIP/src/include/lwip/apps" -I"C:/Users/Israel/Documents/Embedded_Ethernet_with_HAL/10_eth_init_function/Middlewares/Third_Party/LwIP/src/include/lwip" -I"C:/Users/Israel/Documents/Embedded_Ethernet_with_HAL/10_eth_init_function/Middlewares/Third_Party/LwIP/system/arch" -I"C:/Users/Israel/Documents/Embedded_Ethernet_with_HAL/10_eth_init_function/Middlewares/Third_Party/LwIP/src/include/netif" -I"C:/Users/Israel/Documents/Embedded_Ethernet_with_HAL/10_eth_init_function/Middlewares/Third_Party/LwIP/src/include/lwip/prot" -I"C:/Users/Israel/Documents/Embedded_Ethernet_with_HAL/10_eth_init_function/Middlewares/Third_Party/LwIP/src/include/lwip/priv" -I"C:/Users/Israel/Documents/Embedded_Ethernet_with_HAL/10_eth_init_function/Middlewares/Third_Party/LwIP/src/apps/http" -I"C:/Users/Israel/Documents/Embedded_Ethernet_with_HAL/10_eth_init_function/Core/Inc" -I"C:/Users/Israel/Documents/Embedded_Ethernet_with_HAL/10_eth_init_function/Drivers/CMSIS/Include" -I"C:/Users/Israel/Documents/Embedded_Ethernet_with_HAL/10_eth_init_function/Drivers/CMSIS/Device/ST/STM32F7xx/Include" -I"C:/Users/Israel/Documents/Embedded_Ethernet_with_HAL/10_eth_init_function/Drivers/STM32F7xx_HAL_Driver/Inc" -I"C:/Users/Israel/Documents/Embedded_Ethernet_with_HAL/10_eth_init_function/Drivers/STM32F7xx_HAL_Driver/Inc/Legacy" -I"C:/Users/Israel/Documents/Embedded_Ethernet_with_HAL/10_eth_init_function/LWIP/App" -I"C:/Users/Israel/Documents/Embedded_Ethernet_with_HAL/10_eth_init_function/LWIP/Target" -I"C:/Users/Israel/Documents/Embedded_Ethernet_with_HAL/10_eth_init_function/Middlewares/Third_Party/LwIP/src/include" -I"C:/Users/Israel/Documents/Embedded_Ethernet_with_HAL/10_eth_init_function/Middlewares/Third_Party/LwIP/system" -O0 -ffunction-sections -fdata-sections -Wall -fstack-usage -MMD -MP -MF"Drivers/STM32F7xx_HAL_Driver/Src/stm32f7xx_hal_uart.d" -MT"Drivers/STM32F7xx_HAL_Driver/Src/stm32f7xx_hal_uart.o" --specs=nano.specs -mfpu=fpv5-d16 -mfloat-abi=hard -mthumb -o "Drivers/STM32F7xx_HAL_Driver/Src/stm32f7xx_hal_uart.o"
arm-none-eabi-gcc "../Drivers/STM32F7xx_HAL_Driver/Src/stm32f7xx_hal_uart_ex.c" -mcpu=cortex-m7 -std=gnu11 -g3 -DUSE_HAL_DRIVER -DSTM32F767xx -c -I"C:/Users/Israel/Documents/Embedded_Ethernet_with_HAL/10_eth_init_function/Middlewares/Third_Party/LwIP/src/apps" -I"C:/Users/Israel/Documents/Embedded_Ethernet_with_HAL/10_eth_init_function/Middlewares/Third_Party/LwIP/src/include/lwip/apps" -I"C:/Users/Israel/Documents/Embedded_Ethernet_with_HAL/10_eth_init_function/Middlewares/Third_Party/LwIP/src/include/lwip" -I"C:/Users/Israel/Documents/Embedded_Ethernet_with_HAL/10_eth_init_function/Middlewares/Third_Party/LwIP/system/arch" -I"C:/Users/Israel/Documents/Embedded_Ethernet_with_HAL/10_eth_init_function/Middlewares/Third_Party/LwIP/src/include/netif" -I"C:/Users/Israel/Documents/Embedded_Ethernet_with_HAL/10_eth_init_function/Middlewares/Third_Party/LwIP/src/include/lwip/prot" -I"C:/Users/Israel/Documents/Embedded_Ethernet_with_HAL/10_eth_init_function/Middlewares/Third_Party/LwIP/src/include/lwip/priv" -I"C:/Users/Israel/Documents/Embedded_Ethernet_with_HAL/10_eth_init_function/Middlewares/Third_Party/LwIP/src/apps/http" -I"C:/Users/Israel/Documents/Embedded_Ethernet_with_HAL/10_eth_init_function/Core/Inc" -I"C:/Users/Israel/Documents/Embedded_Ethernet_with_HAL/10_eth_init_function/Drivers/CMSIS/Include" -I"C:/Users/Israel/Documents/Embedded_Ethernet_with_HAL/10_eth_init_function/Drivers/CMSIS/Device/ST/STM32F7xx/Include" -I"C:/Users/Israel/Documents/Embedded_Ethernet_with_HAL/10_eth_init_function/Drivers/STM32F7xx_HAL_Driver/Inc" -I"C:/Users/Israel/Documents/Embedded_Ethernet_with_HAL/10_eth_init_function/Drivers/STM32F7xx_HAL_Driver/Inc/Legacy" -I"C:/Users/Israel/Documents/Embedded_Ethernet_with_HAL/10_eth_init_function/LWIP/App" -I"C:/Users/Israel/Documents/Embedded_Ethernet_with_HAL/10_eth_init_function/LWIP/Target" -I"C:/Users/Israel/Documents/Embedded_Ethernet_with_HAL/10_eth_init_function/Middlewares/Third_Party/LwIP/src/include" -I"C:/Users/Israel/Documents/Embedded_Ethernet_with_HAL/10_eth_init_function/Middlewares/Third_Party/LwIP/system" -O0 -ffunction-sections -fdata-sections -Wall -fstack-usage -MMD -MP -MF"Drivers/STM32F7xx_HAL_Driver/Src/stm32f7xx_hal_uart_ex.d" -MT"Drivers/STM32F7xx_HAL_Driver/Src/stm32f7xx_hal_uart_ex.o" --specs=nano.specs -mfpu=fpv5-d16 -mfloat-abi=hard -mthumb -o "Drivers/STM32F7xx_HAL_Driver/Src/stm32f7xx_hal_uart_ex.o"
arm-none-eabi-gcc "../Core/Src/adc.c" -mcpu=cortex-m7 -std=gnu11 -g3 -DUSE_HAL_DRIVER -DSTM32F767xx -c -I"C:/Users/Israel/Documents/Embedded_Ethernet_with_HAL/10_eth_init_function/Middlewares/Third_Party/LwIP/src/apps" -I"C:/Users/Israel/Documents/Embedded_Ethernet_with_HAL/10_eth_init_function/Middlewares/Third_Party/LwIP/src/include/lwip/apps" -I"C:/Users/Israel/Documents/Embedded_Ethernet_with_HAL/10_eth_init_function/Middlewares/Third_Party/LwIP/src/include/lwip" -I"C:/Users/Israel/Documents/Embedded_Ethernet_with_HAL/10_eth_init_function/Middlewares/Third_Party/LwIP/system/arch" -I"C:/Users/Israel/Documents/Embedded_Ethernet_with_HAL/10_eth_init_function/Middlewares/Third_Party/LwIP/src/include/netif" -I"C:/Users/Israel/Documents/Embedded_Ethernet_with_HAL/10_eth_init_function/Middlewares/Third_Party/LwIP/src/include/lwip/prot" -I"C:/Users/Israel/Documents/Embedded_Ethernet_with_HAL/10_eth_init_function/Middlewares/Third_Party/LwIP/src/include/lwip/priv" -I"C:/Users/Israel/Documents/Embedded_Ethernet_with_HAL/10_eth_init_function/Middlewares/Third_Party/LwIP/src/apps/http" -I"C:/Users/Israel/Documents/Embedded_Ethernet_with_HAL/10_eth_init_function/Core/Inc" -I"C:/Users/Israel/Documents/Embedded_Ethernet_with_HAL/10_eth_init_function/Drivers/CMSIS/Include" -I"C:/Users/Israel/Documents/Embedded_Ethernet_with_HAL/10_eth_init_function/Drivers/CMSIS/Device/ST/STM32F7xx/Include" -I"C:/Users/Israel/Documents/Embedded_Ethernet_with_HAL/10_eth_init_function/Drivers/STM32F7xx_HAL_Driver/Inc" -I"C:/Users/Israel/Documents/Embedded_Ethernet_with_HAL/10_eth_init_function/Drivers/STM32F7xx_HAL_Driver/Inc/Legacy" -I"C:/Users/Israel/Documents/Embedded_Ethernet_with_HAL/10_eth_init_function/LWIP/App" -I"C:/Users/Israel/Documents/Embedded_Ethernet_with_HAL/10_eth_init_function/LWIP/Target" -I"C:/Users/Israel/Documents/Embedded_Ethernet_with_HAL/10_eth_init_function/Middlewares/Third_Party/LwIP/src/include" -I"C:/Users/Israel/Documents/Embedded_Ethernet_with_HAL/10_eth_init_function/Middlewares/Third_Party/LwIP/system" -O0 -ffunction-sections -fdata-sections -Wall -fstack-usage -MMD -MP -MF"Core/Src/adc.d" -MT"Core/Src/adc.o" --specs=nano.specs -mfpu=fpv5-d16 -mfloat-abi=hard -mthumb -o "Core/Src/adc.o"
arm-none-eabi-gcc "../Core/Src/leds.c" -mcpu=cortex-m7 -std=gnu11 -g3 -DUSE_HAL_DRIVER -DSTM32F767xx -c -I"C:/Users/Israel/Documents/Embedded_Ethernet_with_HAL/10_eth_init_function/Middlewares/Third_Party/LwIP/src/apps" -I"C:/Users/Israel/Documents/Embedded_Ethernet_with_HAL/10_eth_init_function/Middlewares/Third_Party/LwIP/src/include/lwip/apps" -I"C:/Users/Israel/Documents/Embedded_Ethernet_with_HAL/10_eth_init_function/Middlewares/Third_Party/LwIP/src/include/lwip" -I"C:/Users/Israel/Documents/Embedded_Ethernet_with_HAL/10_eth_init_function/Middlewares/Third_Party/LwIP/system/arch" -I"C:/Users/Israel/Documents/Embedded_Ethernet_with_HAL/10_eth_init_function/Middlewares/Third_Party/LwIP/src/include/netif" -I"C:/Users/Israel/Documents/Embedded_Ethernet_with_HAL/10_eth_init_function/Middlewares/Third_Party/LwIP/src/include/lwip/prot" -I"C:/Users/Israel/Documents/Embedded_Ethernet_with_HAL/10_eth_init_function/Middlewares/Third_Party/LwIP/src/include/lwip/priv" -I"C:/Users/Israel/Documents/Embedded_Ethernet_with_HAL/10_eth_init_function/Middlewares/Third_Party/LwIP/src/apps/http" -I"C:/Users/Israel/Documents/Embedded_Ethernet_with_HAL/10_eth_init_function/Core/Inc" -I"C:/Users/Israel/Documents/Embedded_Ethernet_with_HAL/10_eth_init_function/Drivers/CMSIS/Include" -I"C:/Users/Israel/Documents/Embedded_Ethernet_with_HAL/10_eth_init_function/Drivers/CMSIS/Device/ST/STM32F7xx/Include" -I"C:/Users/Israel/Documents/Embedded_Ethernet_with_HAL/10_eth_init_function/Drivers/STM32F7xx_HAL_Driver/Inc" -I"C:/Users/Israel/Documents/Embedded_Ethernet_with_HAL/10_eth_init_function/Drivers/STM32F7xx_HAL_Driver/Inc/Legacy" -I"C:/Users/Israel/Documents/Embedded_Ethernet_with_HAL/10_eth_init_function/LWIP/App" -I"C:/Users/Israel/Documents/Embedded_Ethernet_with_HAL/10_eth_init_function/LWIP/Target" -I"C:/Users/Israel/Documents/Embedded_Ethernet_with_HAL/10_eth_init_function/Middlewares/Third_Party/LwIP/src/include" -I"C:/Users/Israel/Documents/Embedded_Ethernet_with_HAL/10_eth_init_function/Middlewares/Third_Party/LwIP/system" -O0 -ffunction-sections -fdata-sections -Wall -fstack-usage -MMD -MP -MF"Core/Src/leds.d" -MT"Core/Src/leds.o" --specs=nano.specs -mfpu=fpv5-d16 -mfloat-abi=hard -mthumb -o "Core/Src/leds.o"
arm-none-eabi-gcc "../Core/Src/main.c" -mcpu=cortex-m7 -std=gnu11 -g3 -DUSE_HAL_DRIVER -DSTM32F767xx -c -I"C:/Users/Israel/Documents/Embedded_Ethernet_with_HAL/10_eth_init_function/Middlewares/Third_Party/LwIP/src/apps" -I"C:/Users/Israel/Documents/Embedded_Ethernet_with_HAL/10_eth_init_function/Middlewares/Third_Party/LwIP/src/include/lwip/apps" -I"C:/Users/Israel/Documents/Embedded_Ethernet_with_HAL/10_eth_init_function/Middlewares/Third_Party/LwIP/src/include/lwip" -I"C:/Users/Israel/Documents/Embedded_Ethernet_with_HAL/10_eth_init_function/Middlewares/Third_Party/LwIP/system/arch" -I"C:/Users/Israel/Documents/Embedded_Ethernet_with_HAL/10_eth_init_function/Middlewares/Third_Party/LwIP/src/include/netif" -I"C:/Users/Israel/Documents/Embedded_Ethernet_with_HAL/10_eth_init_function/Middlewares/Third_Party/LwIP/src/include/lwip/prot" -I"C:/Users/Israel/Documents/Embedded_Ethernet_with_HAL/10_eth_init_function/Middlewares/Third_Party/LwIP/src/include/lwip/priv" -I"C:/Users/Israel/Documents/Embedded_Ethernet_with_HAL/10_eth_init_function/Middlewares/Third_Party/LwIP/src/apps/http" -I"C:/Users/Israel/Documents/Embedded_Ethernet_with_HAL/10_eth_init_function/Core/Inc" -I"C:/Users/Israel/Documents/Embedded_Ethernet_with_HAL/10_eth_init_function/Drivers/CMSIS/Include" -I"C:/Users/Israel/Documents/Embedded_Ethernet_with_HAL/10_eth_init_function/Drivers/CMSIS/Device/ST/STM32F7xx/Include" -I"C:/Users/Israel/Documents/Embedded_Ethernet_with_HAL/10_eth_init_function/Drivers/STM32F7xx_HAL_Driver/Inc" -I"C:/Users/Israel/Documents/Embedded_Ethernet_with_HAL/10_eth_init_function/Drivers/STM32F7xx_HAL_Driver/Inc/Legacy" -I"C:/Users/Israel/Documents/Embedded_Ethernet_with_HAL/10_eth_init_function/LWIP/App" -I"C:/Users/Israel/Documents/Embedded_Ethernet_with_HAL/10_eth_init_function/LWIP/Target" -I"C:/Users/Israel/Documents/Embedded_Ethernet_with_HAL/10_eth_init_function/Middlewares/Third_Party/LwIP/src/include" -I"C:/Users/Israel/Documents/Embedded_Ethernet_with_HAL/10_eth_init_function/Middlewares/Third_Party/LwIP/system" -O0 -ffunction-sections -fdata-sections -Wall -fstack-usage -MMD -MP -MF"Core/Src/main.d" -MT"Core/Src/main.o" --specs=nano.specs -mfpu=fpv5-d16 -mfloat-abi=hard -mthumb -o "Core/Src/main.o"
arm-none-eabi-gcc "../Core/Src/stm32f7xx_it.c" -mcpu=cortex-m7 -std=gnu11 -g3 -DUSE_HAL_DRIVER -DSTM32F767xx -c -I"C:/Users/Israel/Documents/Embedded_Ethernet_with_HAL/10_eth_init_function/Middlewares/Third_Party/LwIP/src/apps" -I"C:/Users/Israel/Documents/Embedded_Ethernet_with_HAL/10_eth_init_function/Middlewares/Third_Party/LwIP/src/include/lwip/apps" -I"C:/Users/Israel/Documents/Embedded_Ethernet_with_HAL/10_eth_init_function/Middlewares/Third_Party/LwIP/src/include/lwip" -I"C:/Users/Israel/Documents/Embedded_Ethernet_with_HAL/10_eth_init_function/Middlewares/Third_Party/LwIP/system/arch" -I"C:/Users/Israel/Documents/Embedded_Ethernet_with_HAL/10_eth_init_function/Middlewares/Third_Party/LwIP/src/include/netif" -I"C:/Users/Israel/Documents/Embedded_Ethernet_with_HAL/10_eth_init_function/Middlewares/Third_Party/LwIP/src/include/lwip/prot" -I"C:/Users/Israel/Documents/Embedded_Ethernet_with_HAL/10_eth_init_function/Middlewares/Third_Party/LwIP/src/include/lwip/priv" -I"C:/Users/Israel/Documents/Embedded_Ethernet_with_HAL/10_eth_init_function/Middlewares/Third_Party/LwIP/src/apps/http" -I"C:/Users/Israel/Documents/Embedded_Ethernet_with_HAL/10_eth_init_function/Core/Inc" -I"C:/Users/Israel/Documents/Embedded_Ethernet_with_HAL/10_eth_init_function/Drivers/CMSIS/Include" -I"C:/Users/Israel/Documents/Embedded_Ethernet_with_HAL/10_eth_init_function/Drivers/CMSIS/Device/ST/STM32F7xx/Include" -I"C:/Users/Israel/Documents/Embedded_Ethernet_with_HAL/10_eth_init_function/Drivers/STM32F7xx_HAL_Driver/Inc" -I"C:/Users/Israel/Documents/Embedded_Ethernet_with_HAL/10_eth_init_function/Drivers/STM32F7xx_HAL_Driver/Inc/Legacy" -I"C:/Users/Israel/Documents/Embedded_Ethernet_with_HAL/10_eth_init_function/LWIP/App" -I"C:/Users/Israel/Documents/Embedded_Ethernet_with_HAL/10_eth_init_function/LWIP/Target" -I"C:/Users/Israel/Documents/Embedded_Ethernet_with_HAL/10_eth_init_function/Middlewares/Third_Party/LwIP/src/include" -I"C:/Users/Israel/Documents/Embedded_Ethernet_with_HAL/10_eth_init_function/Middlewares/Third_Party/LwIP/system" -O0 -ffunction-sections -fdata-sections -Wall -fstack-usage -MMD -MP -MF"Core/Src/stm32f7xx_it.d" -MT"Core/Src/stm32f7xx_it.o" --specs=nano.specs -mfpu=fpv5-d16 -mfloat-abi=hard -mthumb -o "Core/Src/stm32f7xx_it.o"
arm-none-eabi-gcc "../Core/Src/syscalls.c" -mcpu=cortex-m7 -std=gnu11 -g3 -DUSE_HAL_DRIVER -DSTM32F767xx -c -I"C:/Users/Israel/Documents/Embedded_Ethernet_with_HAL/10_eth_init_function/Middlewares/Third_Party/LwIP/src/apps" -I"C:/Users/Israel/Documents/Embedded_Ethernet_with_HAL/10_eth_init_function/Middlewares/Third_Party/LwIP/src/include/lwip/apps" -I"C:/Users/Israel/Documents/Embedded_Ethernet_with_HAL/10_eth_init_function/Middlewares/Third_Party/LwIP/src/include/lwip" -I"C:/Users/Israel/Documents/Embedded_Ethernet_with_HAL/10_eth_init_function/Middlewares/Third_Party/LwIP/system/arch" -I"C:/Users/Israel/Documents/Embedded_Ethernet_with_HAL/10_eth_init_function/Middlewares/Third_Party/LwIP/src/include/netif" -I"C:/Users/Israel/Documents/Embedded_Ethernet_with_HAL/10_eth_init_function/Middlewares/Third_Party/LwIP/src/include/lwip/prot" -I"C:/Users/Israel/Documents/Embedded_Ethernet_with_HAL/10_eth_init_function/Middlewares/Third_Party/LwIP/src/include/lwip/priv" -I"C:/Users/Israel/Documents/Embedded_Ethernet_with_HAL/10_eth_init_function/Middlewares/Third_Party/LwIP/src/apps/http" -I"C:/Users/Israel/Documents/Embedded_Ethernet_with_HAL/10_eth_init_function/Core/Inc" -I"C:/Users/Israel/Documents/Embedded_Ethernet_with_HAL/10_eth_init_function/Drivers/CMSIS/Include" -I"C:/Users/Israel/Documents/Embedded_Ethernet_with_HAL/10_eth_init_function/Drivers/CMSIS/Device/ST/STM32F7xx/Include" -I"C:/Users/Israel/Documents/Embedded_Ethernet_with_HAL/10_eth_init_function/Drivers/STM32F7xx_HAL_Driver/Inc" -I"C:/Users/Israel/Documents/Embedded_Ethernet_with_HAL/10_eth_init_function/Drivers/STM32F7xx_HAL_Driver/Inc/Legacy" -I"C:/Users/Israel/Documents/Embedded_Ethernet_with_HAL/10_eth_init_function/LWIP/App" -I"C:/Users/Israel/Documents/Embedded_Ethernet_with_HAL/10_eth_init_function/LWIP/Target" -I"C:/Users/Israel/Documents/Embedded_Ethernet_with_HAL/10_eth_init_function/Middlewares/Third_Party/LwIP/src/include" -I"C:/Users/Israel/Documents/Embedded_Ethernet_with_HAL/10_eth_init_function/Middlewares/Third_Party/LwIP/system" -O0 -ffunction-sections -fdata-sections -Wall -fstack-usage -MMD -MP -MF"Core/Src/syscalls.d" -MT"Core/Src/syscalls.o" --specs=nano.specs -mfpu=fpv5-d16 -mfloat-abi=hard -mthumb -o "Core/Src/syscalls.o"
arm-none-eabi-gcc "../Core/Src/sysmem.c" -mcpu=cortex-m7 -std=gnu11 -g3 -DUSE_HAL_DRIVER -DSTM32F767xx -c -I"C:/Users/Israel/Documents/Embedded_Ethernet_with_HAL/10_eth_init_function/Middlewares/Third_Party/LwIP/src/apps" -I"C:/Users/Israel/Documents/Embedded_Ethernet_with_HAL/10_eth_init_function/Middlewares/Third_Party/LwIP/src/include/lwip/apps" -I"C:/Users/Israel/Documents/Embedded_Ethernet_with_HAL/10_eth_init_function/Middlewares/Third_Party/LwIP/src/include/lwip" -I"C:/Users/Israel/Documents/Embedded_Ethernet_with_HAL/10_eth_init_function/Middlewares/Third_Party/LwIP/system/arch" -I"C:/Users/Israel/Documents/Embedded_Ethernet_with_HAL/10_eth_init_function/Middlewares/Third_Party/LwIP/src/include/netif" -I"C:/Users/Israel/Documents/Embedded_Ethernet_with_HAL/10_eth_init_function/Middlewares/Third_Party/LwIP/src/include/lwip/prot" -I"C:/Users/Israel/Documents/Embedded_Ethernet_with_HAL/10_eth_init_function/Middlewares/Third_Party/LwIP/src/include/lwip/priv" -I"C:/Users/Israel/Documents/Embedded_Ethernet_with_HAL/10_eth_init_function/Middlewares/Third_Party/LwIP/src/apps/http" -I"C:/Users/Israel/Documents/Embedded_Ethernet_with_HAL/10_eth_init_function/Core/Inc" -I"C:/Users/Israel/Documents/Embedded_Ethernet_with_HAL/10_eth_init_function/Drivers/CMSIS/Include" -I"C:/Users/Israel/Documents/Embedded_Ethernet_with_HAL/10_eth_init_function/Drivers/CMSIS/Device/ST/STM32F7xx/Include" -I"C:/Users/Israel/Documents/Embedded_Ethernet_with_HAL/10_eth_init_function/Drivers/STM32F7xx_HAL_Driver/Inc" -I"C:/Users/Israel/Documents/Embedded_Ethernet_with_HAL/10_eth_init_function/Drivers/STM32F7xx_HAL_Driver/Inc/Legacy" -I"C:/Users/Israel/Documents/Embedded_Ethernet_with_HAL/10_eth_init_function/LWIP/App" -I"C:/Users/Israel/Documents/Embedded_Ethernet_with_HAL/10_eth_init_function/LWIP/Target" -I"C:/Users/Israel/Documents/Embedded_Ethernet_with_HAL/10_eth_init_function/Middlewares/Third_Party/LwIP/src/include" -I"C:/Users/Israel/Documents/Embedded_Ethernet_with_HAL/10_eth_init_function/Middlewares/Third_Party/LwIP/system" -O0 -ffunction-sections -fdata-sections -Wall -fstack-usage -MMD -MP -MF"Core/Src/sysmem.d" -MT"Core/Src/sysmem.o" --specs=nano.specs -mfpu=fpv5-d16 -mfloat-abi=hard -mthumb -o "Core/Src/sysmem.o"
arm-none-eabi-gcc "../Core/Src/system_stm32f7xx.c" -mcpu=cortex-m7 -std=gnu11 -g3 -DUSE_HAL_DRIVER -DSTM32F767xx -c -I"C:/Users/Israel/Documents/Embedded_Ethernet_with_HAL/10_eth_init_function/Middlewares/Third_Party/LwIP/src/apps" -I"C:/Users/Israel/Documents/Embedded_Ethernet_with_HAL/10_eth_init_function/Middlewares/Third_Party/LwIP/src/include/lwip/apps" -I"C:/Users/Israel/Documents/Embedded_Ethernet_with_HAL/10_eth_init_function/Middlewares/Third_Party/LwIP/src/include/lwip" -I"C:/Users/Israel/Documents/Embedded_Ethernet_with_HAL/10_eth_init_function/Middlewares/Third_Party/LwIP/system/arch" -I"C:/Users/Israel/Documents/Embedded_Ethernet_with_HAL/10_eth_init_function/Middlewares/Third_Party/LwIP/src/include/netif" -I"C:/Users/Israel/Documents/Embedded_Ethernet_with_HAL/10_eth_init_function/Middlewares/Third_Party/LwIP/src/include/lwip/prot" -I"C:/Users/Israel/Documents/Embedded_Ethernet_with_HAL/10_eth_init_function/Middlewares/Third_Party/LwIP/src/include/lwip/priv" -I"C:/Users/Israel/Documents/Embedded_Ethernet_with_HAL/10_eth_init_function/Middlewares/Third_Party/LwIP/src/apps/http" -I"C:/Users/Israel/Documents/Embedded_Ethernet_with_HAL/10_eth_init_function/Core/Inc" -I"C:/Users/Israel/Documents/Embedded_Ethernet_with_HAL/10_eth_init_function/Drivers/CMSIS/Include" -I"C:/Users/Israel/Documents/Embedded_Ethernet_with_HAL/10_eth_init_function/Drivers/CMSIS/Device/ST/STM32F7xx/Include" -I"C:/Users/Israel/Documents/Embedded_Ethernet_with_HAL/10_eth_init_function/Drivers/STM32F7xx_HAL_Driver/Inc" -I"C:/Users/Israel/Documents/Embedded_Ethernet_with_HAL/10_eth_init_function/Drivers/STM32F7xx_HAL_Driver/Inc/Legacy" -I"C:/Users/Israel/Documents/Embedded_Ethernet_with_HAL/10_eth_init_function/LWIP/App" -I"C:/Users/Israel/Documents/Embedded_Ethernet_with_HAL/10_eth_init_function/LWIP/Target" -I"C:/Users/Israel/Documents/Embedded_Ethernet_with_HAL/10_eth_init_function/Middlewares/Third_Party/LwIP/src/include" -I"C:/Users/Israel/Documents/Embedded_Ethernet_with_HAL/10_eth_init_function/Middlewares/Third_Party/LwIP/system" -O0 -ffunction-sections -fdata-sections -Wall -fstack-usage -MMD -MP -MF"Core/Src/system_stm32f7xx.d" -MT"Core/Src/system_stm32f7xx.o" --specs=nano.specs -mfpu=fpv5-d16 -mfloat-abi=hard -mthumb -o "Core/Src/system_stm32f7xx.o"
arm-none-eabi-gcc "../Core/Src/uart.c" -mcpu=cortex-m7 -std=gnu11 -g3 -DUSE_HAL_DRIVER -DSTM32F767xx -c -I"C:/Users/Israel/Documents/Embedded_Ethernet_with_HAL/10_eth_init_function/Middlewares/Third_Party/LwIP/src/apps" -I"C:/Users/Israel/Documents/Embedded_Ethernet_with_HAL/10_eth_init_function/Middlewares/Third_Party/LwIP/src/include/lwip/apps" -I"C:/Users/Israel/Documents/Embedded_Ethernet_with_HAL/10_eth_init_function/Middlewares/Third_Party/LwIP/src/include/lwip" -I"C:/Users/Israel/Documents/Embedded_Ethernet_with_HAL/10_eth_init_function/Middlewares/Third_Party/LwIP/system/arch" -I"C:/Users/Israel/Documents/Embedded_Ethernet_with_HAL/10_eth_init_function/Middlewares/Third_Party/LwIP/src/include/netif" -I"C:/Users/Israel/Documents/Embedded_Ethernet_with_HAL/10_eth_init_function/Middlewares/Third_Party/LwIP/src/include/lwip/prot" -I"C:/Users/Israel/Documents/Embedded_Ethernet_with_HAL/10_eth_init_function/Middlewares/Third_Party/LwIP/src/include/lwip/priv" -I"C:/Users/Israel/Documents/Embedded_Ethernet_with_HAL/10_eth_init_function/Middlewares/Third_Party/LwIP/src/apps/http" -I"C:/Users/Israel/Documents/Embedded_Ethernet_with_HAL/10_eth_init_function/Core/Inc" -I"C:/Users/Israel/Documents/Embedded_Ethernet_with_HAL/10_eth_init_function/Drivers/CMSIS/Include" -I"C:/Users/Israel/Documents/Embedded_Ethernet_with_HAL/10_eth_init_function/Drivers/CMSIS/Device/ST/STM32F7xx/Include" -I"C:/Users/Israel/Documents/Embedded_Ethernet_with_HAL/10_eth_init_function/Drivers/STM32F7xx_HAL_Driver/Inc" -I"C:/Users/Israel/Documents/Embedded_Ethernet_with_HAL/10_eth_init_function/Drivers/STM32F7xx_HAL_Driver/Inc/Legacy" -I"C:/Users/Israel/Documents/Embedded_Ethernet_with_HAL/10_eth_init_function/LWIP/App" -I"C:/Users/Israel/Documents/Embedded_Ethernet_with_HAL/10_eth_init_function/LWIP/Target" -I"C:/Users/Israel/Documents/Embedded_Ethernet_with_HAL/10_eth_init_function/Middlewares/Third_Party/LwIP/src/include" -I"C:/Users/Israel/Documents/Embedded_Ethernet_with_HAL/10_eth_init_function/Middlewares/Third_Party/LwIP/system" -O0 -ffunction-sections -fdata-sections -Wall -fstack-usage -MMD -MP -MF"Core/Src/uart.d" -MT"Core/Src/uart.o" --specs=nano.specs -mfpu=fpv5-d16 -mfloat-abi=hard -mthumb -o "Core/Src/uart.o"
arm-none-eabi-gcc "../LWIP/Target/ethernetif.c" -mcpu=cortex-m7 -std=gnu11 -g3 -DUSE_HAL_DRIVER -DSTM32F767xx -c -I"C:/Users/Israel/Documents/Embedded_Ethernet_with_HAL/10_eth_init_function/Middlewares/Third_Party/LwIP/src/apps" -I"C:/Users/Israel/Documents/Embedded_Ethernet_with_HAL/10_eth_init_function/Middlewares/Third_Party/LwIP/src/include/lwip/apps" -I"C:/Users/Israel/Documents/Embedded_Ethernet_with_HAL/10_eth_init_function/Middlewares/Third_Party/LwIP/src/include/lwip" -I"C:/Users/Israel/Documents/Embedded_Ethernet_with_HAL/10_eth_init_function/Middlewares/Third_Party/LwIP/system/arch" -I"C:/Users/Israel/Documents/Embedded_Ethernet_with_HAL/10_eth_init_function/Middlewares/Third_Party/LwIP/src/include/netif" -I"C:/Users/Israel/Documents/Embedded_Ethernet_with_HAL/10_eth_init_function/Middlewares/Third_Party/LwIP/src/include/lwip/prot" -I"C:/Users/Israel/Documents/Embedded_Ethernet_with_HAL/10_eth_init_function/Middlewares/Third_Party/LwIP/src/include/lwip/priv" -I"C:/Users/Israel/Documents/Embedded_Ethernet_with_HAL/10_eth_init_function/Middlewares/Third_Party/LwIP/src/apps/http" -I"C:/Users/Israel/Documents/Embedded_Ethernet_with_HAL/10_eth_init_function/Core/Inc" -I"C:/Users/Israel/Documents/Embedded_Ethernet_with_HAL/10_eth_init_function/Drivers/CMSIS/Include" -I"C:/Users/Israel/Documents/Embedded_Ethernet_with_HAL/10_eth_init_function/Drivers/CMSIS/Device/ST/STM32F7xx/Include" -I"C:/Users/Israel/Documents/Embedded_Ethernet_with_HAL/10_eth_init_function/Drivers/STM32F7xx_HAL_Driver/Inc" -I"C:/Users/Israel/Documents/Embedded_Ethernet_with_HAL/10_eth_init_function/Drivers/STM32F7xx_HAL_Driver/Inc/Legacy" -I"C:/Users/Israel/Documents/Embedded_Ethernet_with_HAL/10_eth_init_function/LWIP/App" -I"C:/Users/Israel/Documents/Embedded_Ethernet_with_HAL/10_eth_init_function/LWIP/Target" -I"C:/Users/Israel/Documents/Embedded_Ethernet_with_HAL/10_eth_init_function/Middlewares/Third_Party/LwIP/src/include" -I"C:/Users/Israel/Documents/Embedded_Ethernet_with_HAL/10_eth_init_function/Middlewares/Third_Party/LwIP/system" -O0 -ffunction-sections -fdata-sections -Wall -fstack-usage -MMD -MP -MF"LWIP/Target/ethernetif.d" -MT"LWIP/Target/ethernetif.o" --specs=nano.specs -mfpu=fpv5-d16 -mfloat-abi=hard -mthumb -o "LWIP/Target/ethernetif.o"
arm-none-eabi-gcc -o "10_eth_init_function.elf" @"objects.list"   -mcpu=cortex-m7 -T"C:\Users\Israel\Documents\Embedded_Ethernet_with_HAL\10_eth_init_function\STM32F767ZITX_FLASH.ld" --specs=nosys.specs -Wl,-Map="10_eth_init_function.map" -Wl,--gc-sections -static --specs=nano.specs -mfpu=fpv5-d16 -mfloat-abi=hard -mthumb -Wl,--start-group -lc -lm -Wl,--end-group
Finished building target: 10_eth_init_function.elf
 
arm-none-eabi-size   10_eth_init_function.elf 
arm-none-eabi-objdump -h -S  10_eth_init_function.elf  > "10_eth_init_function.list"
arm-none-eabi-objcopy  -O binary  10_eth_init_function.elf  "10_eth_init_function.bin"
   text	   data	    bss	    dec	    hex	filename
  15648	    120	  17448	  33216	   81c0	10_eth_init_function.elf
Finished building: default.size.stdout
 
Finished building: 10_eth_init_function.bin
 
Finished building: 10_eth_init_function.list
 

22:20:50 Build Finished. 0 errors, 0 warnings. (took 20s.353ms)

