15:54:19 **** Incremental Build of configuration Debug for project 22_http_ssi_cgi_html_injection-MoreTags ****
make -j3 all 
arm-none-eabi-gcc "../Core/Src/stm32f7xx_it.c" -mcpu=cortex-m7 -std=gnu11 -g3 -DUSE_HAL_DRIVER -DSTM32F767xx -c -I"C:/Users/Israel/Documents/Embedded_Ethernet_with_HAL/22_http_ssi_cgi_html_injection-MoreTags/Middlewares/Third_Party/LwIP/src/apps" -I"C:/Users/Israel/Documents/Embedded_Ethernet_with_HAL/22_http_ssi_cgi_html_injection-MoreTags/Middlewares/Third_Party/LwIP/src/include/lwip/apps" -I"C:/Users/Israel/Documents/Embedded_Ethernet_with_HAL/22_http_ssi_cgi_html_injection-MoreTags/Middlewares/Third_Party/LwIP/src/include/lwip" -I"C:/Users/Israel/Documents/Embedded_Ethernet_with_HAL/22_http_ssi_cgi_html_injection-MoreTags/Middlewares/Third_Party/LwIP/system/arch" -I"C:/Users/Israel/Documents/Embedded_Ethernet_with_HAL/22_http_ssi_cgi_html_injection-MoreTags/Middlewares/Third_Party/LwIP/src/include/netif" -I"C:/Users/Israel/Documents/Embedded_Ethernet_with_HAL/22_http_ssi_cgi_html_injection-MoreTags/Middlewares/Third_Party/LwIP/src/include/lwip/prot" -I"C:/Users/Israel/Documents/Embedded_Ethernet_with_HAL/22_http_ssi_cgi_html_injection-MoreTags/Middlewares/Third_Party/LwIP/src/include/lwip/priv" -I"C:/Users/Israel/Documents/Embedded_Ethernet_with_HAL/22_http_ssi_cgi_html_injection-MoreTags/Middlewares/Third_Party/LwIP/src/apps/http" -I"C:/Users/Israel/Documents/Embedded_Ethernet_with_HAL/22_http_ssi_cgi_html_injection-MoreTags/Core/Inc" -I"C:/Users/Israel/Documents/Embedded_Ethernet_with_HAL/22_http_ssi_cgi_html_injection-MoreTags/Drivers/CMSIS/Include" -I"C:/Users/Israel/Documents/Embedded_Ethernet_with_HAL/22_http_ssi_cgi_html_injection-MoreTags/Drivers/CMSIS/Device/ST/STM32F7xx/Include" -I"C:/Users/Israel/Documents/Embedded_Ethernet_with_HAL/22_http_ssi_cgi_html_injection-MoreTags/Drivers/STM32F7xx_HAL_Driver/Inc" -I"C:/Users/Israel/Documents/Embedded_Ethernet_with_HAL/22_http_ssi_cgi_html_injection-MoreTags/Drivers/STM32F7xx_HAL_Driver/Inc/Legacy" -I"C:/Users/Israel/Documents/Embedded_Ethernet_with_HAL/22_http_ssi_cgi_html_injection-MoreTags/LWIP/App" -I"C:/Users/Israel/Documents/Embedded_Ethernet_with_HAL/22_http_ssi_cgi_html_injection-MoreTags/LWIP/Target" -I"C:/Users/Israel/Documents/Embedded_Ethernet_with_HAL/22_http_ssi_cgi_html_injection-MoreTags/Middlewares/Third_Party/LwIP/src/include" -I"C:/Users/Israel/Documents/Embedded_Ethernet_with_HAL/22_http_ssi_cgi_html_injection-MoreTags/Middlewares/Third_Party/LwIP/system" -O0 -ffunction-sections -fdata-sections -Wall -fstack-usage -MMD -MP -MF"Core/Src/stm32f7xx_it.d" -MT"Core/Src/stm32f7xx_it.o" --specs=nano.specs -mfpu=fpv5-d16 -mfloat-abi=hard -mthumb -o "Core/Src/stm32f7xx_it.o"
arm-none-eabi-gcc "../Core/Src/syscalls.c" -mcpu=cortex-m7 -std=gnu11 -g3 -DUSE_HAL_DRIVER -DSTM32F767xx -c -I"C:/Users/Israel/Documents/Embedded_Ethernet_with_HAL/22_http_ssi_cgi_html_injection-MoreTags/Middlewares/Third_Party/LwIP/src/apps" -I"C:/Users/Israel/Documents/Embedded_Ethernet_with_HAL/22_http_ssi_cgi_html_injection-MoreTags/Middlewares/Third_Party/LwIP/src/include/lwip/apps" -I"C:/Users/Israel/Documents/Embedded_Ethernet_with_HAL/22_http_ssi_cgi_html_injection-MoreTags/Middlewares/Third_Party/LwIP/src/include/lwip" -I"C:/Users/Israel/Documents/Embedded_Ethernet_with_HAL/22_http_ssi_cgi_html_injection-MoreTags/Middlewares/Third_Party/LwIP/system/arch" -I"C:/Users/Israel/Documents/Embedded_Ethernet_with_HAL/22_http_ssi_cgi_html_injection-MoreTags/Middlewares/Third_Party/LwIP/src/include/netif" -I"C:/Users/Israel/Documents/Embedded_Ethernet_with_HAL/22_http_ssi_cgi_html_injection-MoreTags/Middlewares/Third_Party/LwIP/src/include/lwip/prot" -I"C:/Users/Israel/Documents/Embedded_Ethernet_with_HAL/22_http_ssi_cgi_html_injection-MoreTags/Middlewares/Third_Party/LwIP/src/include/lwip/priv" -I"C:/Users/Israel/Documents/Embedded_Ethernet_with_HAL/22_http_ssi_cgi_html_injection-MoreTags/Middlewares/Third_Party/LwIP/src/apps/http" -I"C:/Users/Israel/Documents/Embedded_Ethernet_with_HAL/22_http_ssi_cgi_html_injection-MoreTags/Core/Inc" -I"C:/Users/Israel/Documents/Embedded_Ethernet_with_HAL/22_http_ssi_cgi_html_injection-MoreTags/Drivers/CMSIS/Include" -I"C:/Users/Israel/Documents/Embedded_Ethernet_with_HAL/22_http_ssi_cgi_html_injection-MoreTags/Drivers/CMSIS/Device/ST/STM32F7xx/Include" -I"C:/Users/Israel/Documents/Embedded_Ethernet_with_HAL/22_http_ssi_cgi_html_injection-MoreTags/Drivers/STM32F7xx_HAL_Driver/Inc" -I"C:/Users/Israel/Documents/Embedded_Ethernet_with_HAL/22_http_ssi_cgi_html_injection-MoreTags/Drivers/STM32F7xx_HAL_Driver/Inc/Legacy" -I"C:/Users/Israel/Documents/Embedded_Ethernet_with_HAL/22_http_ssi_cgi_html_injection-MoreTags/LWIP/App" -I"C:/Users/Israel/Documents/Embedded_Ethernet_with_HAL/22_http_ssi_cgi_html_injection-MoreTags/LWIP/Target" -I"C:/Users/Israel/Documents/Embedded_Ethernet_with_HAL/22_http_ssi_cgi_html_injection-MoreTags/Middlewares/Third_Party/LwIP/src/include" -I"C:/Users/Israel/Documents/Embedded_Ethernet_with_HAL/22_http_ssi_cgi_html_injection-MoreTags/Middlewares/Third_Party/LwIP/system" -O0 -ffunction-sections -fdata-sections -Wall -fstack-usage -MMD -MP -MF"Core/Src/syscalls.d" -MT"Core/Src/syscalls.o" --specs=nano.specs -mfpu=fpv5-d16 -mfloat-abi=hard -mthumb -o "Core/Src/syscalls.o"
arm-none-eabi-gcc "../Core/Src/sysmem.c" -mcpu=cortex-m7 -std=gnu11 -g3 -DUSE_HAL_DRIVER -DSTM32F767xx -c -I"C:/Users/Israel/Documents/Embedded_Ethernet_with_HAL/22_http_ssi_cgi_html_injection-MoreTags/Middlewares/Third_Party/LwIP/src/apps" -I"C:/Users/Israel/Documents/Embedded_Ethernet_with_HAL/22_http_ssi_cgi_html_injection-MoreTags/Middlewares/Third_Party/LwIP/src/include/lwip/apps" -I"C:/Users/Israel/Documents/Embedded_Ethernet_with_HAL/22_http_ssi_cgi_html_injection-MoreTags/Middlewares/Third_Party/LwIP/src/include/lwip" -I"C:/Users/Israel/Documents/Embedded_Ethernet_with_HAL/22_http_ssi_cgi_html_injection-MoreTags/Middlewares/Third_Party/LwIP/system/arch" -I"C:/Users/Israel/Documents/Embedded_Ethernet_with_HAL/22_http_ssi_cgi_html_injection-MoreTags/Middlewares/Third_Party/LwIP/src/include/netif" -I"C:/Users/Israel/Documents/Embedded_Ethernet_with_HAL/22_http_ssi_cgi_html_injection-MoreTags/Middlewares/Third_Party/LwIP/src/include/lwip/prot" -I"C:/Users/Israel/Documents/Embedded_Ethernet_with_HAL/22_http_ssi_cgi_html_injection-MoreTags/Middlewares/Third_Party/LwIP/src/include/lwip/priv" -I"C:/Users/Israel/Documents/Embedded_Ethernet_with_HAL/22_http_ssi_cgi_html_injection-MoreTags/Middlewares/Third_Party/LwIP/src/apps/http" -I"C:/Users/Israel/Documents/Embedded_Ethernet_with_HAL/22_http_ssi_cgi_html_injection-MoreTags/Core/Inc" -I"C:/Users/Israel/Documents/Embedded_Ethernet_with_HAL/22_http_ssi_cgi_html_injection-MoreTags/Drivers/CMSIS/Include" -I"C:/Users/Israel/Documents/Embedded_Ethernet_with_HAL/22_http_ssi_cgi_html_injection-MoreTags/Drivers/CMSIS/Device/ST/STM32F7xx/Include" -I"C:/Users/Israel/Documents/Embedded_Ethernet_with_HAL/22_http_ssi_cgi_html_injection-MoreTags/Drivers/STM32F7xx_HAL_Driver/Inc" -I"C:/Users/Israel/Documents/Embedded_Ethernet_with_HAL/22_http_ssi_cgi_html_injection-MoreTags/Drivers/STM32F7xx_HAL_Driver/Inc/Legacy" -I"C:/Users/Israel/Documents/Embedded_Ethernet_with_HAL/22_http_ssi_cgi_html_injection-MoreTags/LWIP/App" -I"C:/Users/Israel/Documents/Embedded_Ethernet_with_HAL/22_http_ssi_cgi_html_injection-MoreTags/LWIP/Target" -I"C:/Users/Israel/Documents/Embedded_Ethernet_with_HAL/22_http_ssi_cgi_html_injection-MoreTags/Middlewares/Third_Party/LwIP/src/include" -I"C:/Users/Israel/Documents/Embedded_Ethernet_with_HAL/22_http_ssi_cgi_html_injection-MoreTags/Middlewares/Third_Party/LwIP/system" -O0 -ffunction-sections -fdata-sections -Wall -fstack-usage -MMD -MP -MF"Core/Src/sysmem.d" -MT"Core/Src/sysmem.o" --specs=nano.specs -mfpu=fpv5-d16 -mfloat-abi=hard -mthumb -o "Core/Src/sysmem.o"
arm-none-eabi-gcc "../Core/Src/system_stm32f7xx.c" -mcpu=cortex-m7 -std=gnu11 -g3 -DUSE_HAL_DRIVER -DSTM32F767xx -c -I"C:/Users/Israel/Documents/Embedded_Ethernet_with_HAL/22_http_ssi_cgi_html_injection-MoreTags/Middlewares/Third_Party/LwIP/src/apps" -I"C:/Users/Israel/Documents/Embedded_Ethernet_with_HAL/22_http_ssi_cgi_html_injection-MoreTags/Middlewares/Third_Party/LwIP/src/include/lwip/apps" -I"C:/Users/Israel/Documents/Embedded_Ethernet_with_HAL/22_http_ssi_cgi_html_injection-MoreTags/Middlewares/Third_Party/LwIP/src/include/lwip" -I"C:/Users/Israel/Documents/Embedded_Ethernet_with_HAL/22_http_ssi_cgi_html_injection-MoreTags/Middlewares/Third_Party/LwIP/system/arch" -I"C:/Users/Israel/Documents/Embedded_Ethernet_with_HAL/22_http_ssi_cgi_html_injection-MoreTags/Middlewares/Third_Party/LwIP/src/include/netif" -I"C:/Users/Israel/Documents/Embedded_Ethernet_with_HAL/22_http_ssi_cgi_html_injection-MoreTags/Middlewares/Third_Party/LwIP/src/include/lwip/prot" -I"C:/Users/Israel/Documents/Embedded_Ethernet_with_HAL/22_http_ssi_cgi_html_injection-MoreTags/Middlewares/Third_Party/LwIP/src/include/lwip/priv" -I"C:/Users/Israel/Documents/Embedded_Ethernet_with_HAL/22_http_ssi_cgi_html_injection-MoreTags/Middlewares/Third_Party/LwIP/src/apps/http" -I"C:/Users/Israel/Documents/Embedded_Ethernet_with_HAL/22_http_ssi_cgi_html_injection-MoreTags/Core/Inc" -I"C:/Users/Israel/Documents/Embedded_Ethernet_with_HAL/22_http_ssi_cgi_html_injection-MoreTags/Drivers/CMSIS/Include" -I"C:/Users/Israel/Documents/Embedded_Ethernet_with_HAL/22_http_ssi_cgi_html_injection-MoreTags/Drivers/CMSIS/Device/ST/STM32F7xx/Include" -I"C:/Users/Israel/Documents/Embedded_Ethernet_with_HAL/22_http_ssi_cgi_html_injection-MoreTags/Drivers/STM32F7xx_HAL_Driver/Inc" -I"C:/Users/Israel/Documents/Embedded_Ethernet_with_HAL/22_http_ssi_cgi_html_injection-MoreTags/Drivers/STM32F7xx_HAL_Driver/Inc/Legacy" -I"C:/Users/Israel/Documents/Embedded_Ethernet_with_HAL/22_http_ssi_cgi_html_injection-MoreTags/LWIP/App" -I"C:/Users/Israel/Documents/Embedded_Ethernet_with_HAL/22_http_ssi_cgi_html_injection-MoreTags/LWIP/Target" -I"C:/Users/Israel/Documents/Embedded_Ethernet_with_HAL/22_http_ssi_cgi_html_injection-MoreTags/Middlewares/Third_Party/LwIP/src/include" -I"C:/Users/Israel/Documents/Embedded_Ethernet_with_HAL/22_http_ssi_cgi_html_injection-MoreTags/Middlewares/Third_Party/LwIP/system" -O0 -ffunction-sections -fdata-sections -Wall -fstack-usage -MMD -MP -MF"Core/Src/system_stm32f7xx.d" -MT"Core/Src/system_stm32f7xx.o" --specs=nano.specs -mfpu=fpv5-d16 -mfloat-abi=hard -mthumb -o "Core/Src/system_stm32f7xx.o"
arm-none-eabi-gcc "../Core/Src/uart.c" -mcpu=cortex-m7 -std=gnu11 -g3 -DUSE_HAL_DRIVER -DSTM32F767xx -c -I"C:/Users/Israel/Documents/Embedded_Ethernet_with_HAL/22_http_ssi_cgi_html_injection-MoreTags/Middlewares/Third_Party/LwIP/src/apps" -I"C:/Users/Israel/Documents/Embedded_Ethernet_with_HAL/22_http_ssi_cgi_html_injection-MoreTags/Middlewares/Third_Party/LwIP/src/include/lwip/apps" -I"C:/Users/Israel/Documents/Embedded_Ethernet_with_HAL/22_http_ssi_cgi_html_injection-MoreTags/Middlewares/Third_Party/LwIP/src/include/lwip" -I"C:/Users/Israel/Documents/Embedded_Ethernet_with_HAL/22_http_ssi_cgi_html_injection-MoreTags/Middlewares/Third_Party/LwIP/system/arch" -I"C:/Users/Israel/Documents/Embedded_Ethernet_with_HAL/22_http_ssi_cgi_html_injection-MoreTags/Middlewares/Third_Party/LwIP/src/include/netif" -I"C:/Users/Israel/Documents/Embedded_Ethernet_with_HAL/22_http_ssi_cgi_html_injection-MoreTags/Middlewares/Third_Party/LwIP/src/include/lwip/prot" -I"C:/Users/Israel/Documents/Embedded_Ethernet_with_HAL/22_http_ssi_cgi_html_injection-MoreTags/Middlewares/Third_Party/LwIP/src/include/lwip/priv" -I"C:/Users/Israel/Documents/Embedded_Ethernet_with_HAL/22_http_ssi_cgi_html_injection-MoreTags/Middlewares/Third_Party/LwIP/src/apps/http" -I"C:/Users/Israel/Documents/Embedded_Ethernet_with_HAL/22_http_ssi_cgi_html_injection-MoreTags/Core/Inc" -I"C:/Users/Israel/Documents/Embedded_Ethernet_with_HAL/22_http_ssi_cgi_html_injection-MoreTags/Drivers/CMSIS/Include" -I"C:/Users/Israel/Documents/Embedded_Ethernet_with_HAL/22_http_ssi_cgi_html_injection-MoreTags/Drivers/CMSIS/Device/ST/STM32F7xx/Include" -I"C:/Users/Israel/Documents/Embedded_Ethernet_with_HAL/22_http_ssi_cgi_html_injection-MoreTags/Drivers/STM32F7xx_HAL_Driver/Inc" -I"C:/Users/Israel/Documents/Embedded_Ethernet_with_HAL/22_http_ssi_cgi_html_injection-MoreTags/Drivers/STM32F7xx_HAL_Driver/Inc/Legacy" -I"C:/Users/Israel/Documents/Embedded_Ethernet_with_HAL/22_http_ssi_cgi_html_injection-MoreTags/LWIP/App" -I"C:/Users/Israel/Documents/Embedded_Ethernet_with_HAL/22_http_ssi_cgi_html_injection-MoreTags/LWIP/Target" -I"C:/Users/Israel/Documents/Embedded_Ethernet_with_HAL/22_http_ssi_cgi_html_injection-MoreTags/Middlewares/Third_Party/LwIP/src/include" -I"C:/Users/Israel/Documents/Embedded_Ethernet_with_HAL/22_http_ssi_cgi_html_injection-MoreTags/Middlewares/Third_Party/LwIP/system" -O0 -ffunction-sections -fdata-sections -Wall -fstack-usage -MMD -MP -MF"Core/Src/uart.d" -MT"Core/Src/uart.o" --specs=nano.specs -mfpu=fpv5-d16 -mfloat-abi=hard -mthumb -o "Core/Src/uart.o"
arm-none-eabi-gcc "../Core/Src/cgi_process.c" -mcpu=cortex-m7 -std=gnu11 -g3 -DUSE_HAL_DRIVER -DSTM32F767xx -c -I"C:/Users/Israel/Documents/Embedded_Ethernet_with_HAL/22_http_ssi_cgi_html_injection-MoreTags/Middlewares/Third_Party/LwIP/src/apps" -I"C:/Users/Israel/Documents/Embedded_Ethernet_with_HAL/22_http_ssi_cgi_html_injection-MoreTags/Middlewares/Third_Party/LwIP/src/include/lwip/apps" -I"C:/Users/Israel/Documents/Embedded_Ethernet_with_HAL/22_http_ssi_cgi_html_injection-MoreTags/Middlewares/Third_Party/LwIP/src/include/lwip" -I"C:/Users/Israel/Documents/Embedded_Ethernet_with_HAL/22_http_ssi_cgi_html_injection-MoreTags/Middlewares/Third_Party/LwIP/system/arch" -I"C:/Users/Israel/Documents/Embedded_Ethernet_with_HAL/22_http_ssi_cgi_html_injection-MoreTags/Middlewares/Third_Party/LwIP/src/include/netif" -I"C:/Users/Israel/Documents/Embedded_Ethernet_with_HAL/22_http_ssi_cgi_html_injection-MoreTags/Middlewares/Third_Party/LwIP/src/include/lwip/prot" -I"C:/Users/Israel/Documents/Embedded_Ethernet_with_HAL/22_http_ssi_cgi_html_injection-MoreTags/Middlewares/Third_Party/LwIP/src/include/lwip/priv" -I"C:/Users/Israel/Documents/Embedded_Ethernet_with_HAL/22_http_ssi_cgi_html_injection-MoreTags/Middlewares/Third_Party/LwIP/src/apps/http" -I"C:/Users/Israel/Documents/Embedded_Ethernet_with_HAL/22_http_ssi_cgi_html_injection-MoreTags/Core/Inc" -I"C:/Users/Israel/Documents/Embedded_Ethernet_with_HAL/22_http_ssi_cgi_html_injection-MoreTags/Drivers/CMSIS/Include" -I"C:/Users/Israel/Documents/Embedded_Ethernet_with_HAL/22_http_ssi_cgi_html_injection-MoreTags/Drivers/CMSIS/Device/ST/STM32F7xx/Include" -I"C:/Users/Israel/Documents/Embedded_Ethernet_with_HAL/22_http_ssi_cgi_html_injection-MoreTags/Drivers/STM32F7xx_HAL_Driver/Inc" -I"C:/Users/Israel/Documents/Embedded_Ethernet_with_HAL/22_http_ssi_cgi_html_injection-MoreTags/Drivers/STM32F7xx_HAL_Driver/Inc/Legacy" -I"C:/Users/Israel/Documents/Embedded_Ethernet_with_HAL/22_http_ssi_cgi_html_injection-MoreTags/LWIP/App" -I"C:/Users/Israel/Documents/Embedded_Ethernet_with_HAL/22_http_ssi_cgi_html_injection-MoreTags/LWIP/Target" -I"C:/Users/Israel/Documents/Embedded_Ethernet_with_HAL/22_http_ssi_cgi_html_injection-MoreTags/Middlewares/Third_Party/LwIP/src/include" -I"C:/Users/Israel/Documents/Embedded_Ethernet_with_HAL/22_http_ssi_cgi_html_injection-MoreTags/Middlewares/Third_Party/LwIP/system" -O0 -ffunction-sections -fdata-sections -Wall -fstack-usage -MMD -MP -MF"Core/Src/cgi_process.d" -MT"Core/Src/cgi_process.o" --specs=nano.specs -mfpu=fpv5-d16 -mfloat-abi=hard -mthumb -o "Core/Src/cgi_process.o"
arm-none-eabi-gcc -o "22_http_ssi_cgi_html_injection-MoreTags.elf" @"objects.list"   -mcpu=cortex-m7 -T"C:\Users\Israel\Documents\Embedded_Ethernet_with_HAL\22_http_ssi_cgi_html_injection-MoreTags\STM32F767ZITX_FLASH.ld" --specs=nosys.specs -Wl,-Map="22_http_ssi_cgi_html_injection-MoreTags.map" -Wl,--gc-sections -static --specs=nano.specs -mfpu=fpv5-d16 -mfloat-abi=hard -mthumb -Wl,--start-group -lc -lm -Wl,--end-group
Finished building target: 22_http_ssi_cgi_html_injection-MoreTags.elf
 
arm-none-eabi-size   22_http_ssi_cgi_html_injection-MoreTags.elf 
arm-none-eabi-objdump -h -S  22_http_ssi_cgi_html_injection-MoreTags.elf  > "22_http_ssi_cgi_html_injection-MoreTags.list"
arm-none-eabi-objcopy  -O binary  22_http_ssi_cgi_html_injection-MoreTags.elf  "22_http_ssi_cgi_html_injection-MoreTags.bin"
   text	   data	    bss	    dec	    hex	filename
 389388	    180	  33020	 422588	  672bc	22_http_ssi_cgi_html_injection-MoreTags.elf
Finished building: default.size.stdout
 
Finished building: 22_http_ssi_cgi_html_injection-MoreTags.bin
 
Finished building: 22_http_ssi_cgi_html_injection-MoreTags.list
 
15:55:00 **** Incremental Build of configuration Debug for project 22_http_ssi_cgi_html_injection-MoreTags ****
make -j3 all 
arm-none-eabi-size   22_http_ssi_cgi_html_injection-MoreTags.elf 
   text	   data	    bss	    dec	    hex	filename
 389388	    180	  33020	 422588	  672bc	22_http_ssi_cgi_html_injection-MoreTags.elf
Finished building: default.size.stdout
 
